// Validating benchmarks:
// ***** BenchmarkRunner: Start   *****
// ***** Found 8 benchmark(s) in total *****
// ***** Building 1 exe(s) in Parallel: Start   *****
// start dotnet  restore --nodeReuse:false /p:UseSharedCompilation=false /p:Deterministic=true /p:Optimize=true /p:ArtifactsPath="C:\Users\monas\source\repos\MO7AMEDNAS3ER786-Assignment-4\Benchmarks\bin\Release\net10.0\Benchmarks-DefaultJob-1/" /p:OutDir="C:\Users\monas\source\repos\MO7AMEDNAS3ER786-Assignment-4\Benchmarks\bin\Release\net10.0\Benchmarks-DefaultJob-1\bin\Release\net10.0/" /p:OutputPath="C:\Users\monas\source\repos\MO7AMEDNAS3ER786-Assignment-4\Benchmarks\bin\Release\net10.0\Benchmarks-DefaultJob-1\bin\Release\net10.0/" /p:PublishDir="C:\Users\monas\source\repos\MO7AMEDNAS3ER786-Assignment-4\Benchmarks\bin\Release\net10.0\Benchmarks-DefaultJob-1\publish/" in C:\Users\monas\source\repos\MO7AMEDNAS3ER786-Assignment-4\Benchmarks\bin\Release\net10.0\Benchmarks-DefaultJob-1
// command took 0.95 sec and exited with 0
// start dotnet  build -c Release --no-restore --nodeReuse:false /p:UseSharedCompilation=false /p:Deterministic=true /p:Optimize=true /p:ArtifactsPath="C:\Users\monas\source\repos\MO7AMEDNAS3ER786-Assignment-4\Benchmarks\bin\Release\net10.0\Benchmarks-DefaultJob-1/" /p:OutDir="C:\Users\monas\source\repos\MO7AMEDNAS3ER786-Assignment-4\Benchmarks\bin\Release\net10.0\Benchmarks-DefaultJob-1\bin\Release\net10.0/" /p:OutputPath="C:\Users\monas\source\repos\MO7AMEDNAS3ER786-Assignment-4\Benchmarks\bin\Release\net10.0\Benchmarks-DefaultJob-1\bin\Release\net10.0/" /p:PublishDir="C:\Users\monas\source\repos\MO7AMEDNAS3ER786-Assignment-4\Benchmarks\bin\Release\net10.0\Benchmarks-DefaultJob-1\publish/" --output "C:\Users\monas\source\repos\MO7AMEDNAS3ER786-Assignment-4\Benchmarks\bin\Release\net10.0\Benchmarks-DefaultJob-1\bin\Release\net10.0/" in C:\Users\monas\source\repos\MO7AMEDNAS3ER786-Assignment-4\Benchmarks\bin\Release\net10.0\Benchmarks-DefaultJob-1
// command took 3.52 sec and exited with 0
// ***** Done, took 00:00:04 (4.54 sec)   *****
// Found 8 benchmarks:
//   StringBenchmark.StringConcatenation: DefaultJob [Iterations=100]
//   StringBenchmark.StringBuilderConcatenation: DefaultJob [Iterations=100]
//   StringBenchmark.StringConcatenation: DefaultJob [Iterations=1000]
//   StringBenchmark.StringBuilderConcatenation: DefaultJob [Iterations=1000]
//   StringBenchmark.StringConcatenation: DefaultJob [Iterations=10000]
//   StringBenchmark.StringBuilderConcatenation: DefaultJob [Iterations=10000]
//   StringBenchmark.StringConcatenation: DefaultJob [Iterations=100000]
//   StringBenchmark.StringBuilderConcatenation: DefaultJob [Iterations=100000]

Setup power plan (GUID: 8c5e7fda-e8bf-4a96-9a85-a6e23a8c635c FriendlyName: High performance)
// **************************
// Benchmark: StringBenchmark.StringConcatenation: DefaultJob [Iterations=100]
// *** Execute ***
// Launch: 1 / 1
// Execute: dotnet Benchmarks-DefaultJob-1.dll --anonymousPipes 1496 1492 --benchmarkName "StringBenchmark.StringConcatenation(Iterations: 100)" --job Default --benchmarkId 0 in C:\Users\monas\source\repos\MO7AMEDNAS3ER786-Assignment-4\Benchmarks\bin\Release\net10.0\Benchmarks-DefaultJob-1\bin\Release\net10.0
// BeforeAnythingElse

// Benchmark Process Environment Information:
// BenchmarkDotNet v0.15.8
// Runtime=.NET 10.0.8 (10.0.8, 10.0.826.23019), X64 RyuJIT x86-64-v3
// GC=Non-concurrent Workstation
// HardwareIntrinsics=AVX2+BMI1+BMI2+F16C+FMA+LZCNT+MOVBE,AVX,SSE3+SSSE3+SSE4.1+SSE4.2+POPCNT,X86Base+SSE+SSE2,AES+PCLMUL,AvxVnni,SERIALIZE VectorSize=256
// Job: DefaultJob

OverheadJitting  1: 1 op, 195200.00 ns, 195.2000 us/op
WorkloadJitting  1: 1 op, 366200.00 ns, 366.2000 us/op

OverheadJitting  2: 16 op, 407400.00 ns, 25.4625 us/op
WorkloadJitting  2: 16 op, 1108400.00 ns, 69.2750 us/op

WorkloadPilot    1: 16 op, 593800.00 ns, 37.1125 us/op
WorkloadPilot    2: 32 op, 957000.00 ns, 29.9063 us/op
WorkloadPilot    3: 64 op, 1844000.00 ns, 28.8125 us/op
WorkloadPilot    4: 128 op, 2207300.00 ns, 17.2445 us/op
WorkloadPilot    5: 256 op, 3835200.00 ns, 14.9813 us/op
WorkloadPilot    6: 512 op, 5950700.00 ns, 11.6225 us/op
WorkloadPilot    7: 1024 op, 9958900.00 ns, 9.7255 us/op
WorkloadPilot    8: 2048 op, 20723900.00 ns, 10.1191 us/op
WorkloadPilot    9: 4096 op, 36783100.00 ns, 8.9802 us/op
WorkloadPilot   10: 8192 op, 67899500.00 ns, 8.2885 us/op
WorkloadPilot   11: 16384 op, 140713400.00 ns, 8.5885 us/op
WorkloadPilot   12: 32768 op, 194008300.00 ns, 5.9207 us/op
WorkloadPilot   13: 65536 op, 385033200.00 ns, 5.8751 us/op
WorkloadPilot   14: 131072 op, 913457400.00 ns, 6.9691 us/op

OverheadWarmup   1: 131072 op, 537600.00 ns, 4.1016 ns/op
OverheadWarmup   2: 131072 op, 593200.00 ns, 4.5258 ns/op
OverheadWarmup   3: 131072 op, 547300.00 ns, 4.1756 ns/op
OverheadWarmup   4: 131072 op, 532200.00 ns, 4.0604 ns/op
OverheadWarmup   5: 131072 op, 535800.00 ns, 4.0878 ns/op
OverheadWarmup   6: 131072 op, 528300.00 ns, 4.0306 ns/op

OverheadActual   1: 131072 op, 624400.00 ns, 4.7638 ns/op
OverheadActual   2: 131072 op, 533400.00 ns, 4.0695 ns/op
OverheadActual   3: 131072 op, 550400.00 ns, 4.1992 ns/op
OverheadActual   4: 131072 op, 535200.00 ns, 4.0833 ns/op
OverheadActual   5: 131072 op, 531100.00 ns, 4.0520 ns/op
OverheadActual   6: 131072 op, 537600.00 ns, 4.1016 ns/op
OverheadActual   7: 131072 op, 615400.00 ns, 4.6951 ns/op
OverheadActual   8: 131072 op, 531400.00 ns, 4.0543 ns/op
OverheadActual   9: 131072 op, 533000.00 ns, 4.0665 ns/op
OverheadActual  10: 131072 op, 664500.00 ns, 5.0697 ns/op
OverheadActual  11: 131072 op, 527700.00 ns, 4.0260 ns/op
OverheadActual  12: 131072 op, 543100.00 ns, 4.1435 ns/op
OverheadActual  13: 131072 op, 531300.00 ns, 4.0535 ns/op
OverheadActual  14: 131072 op, 620700.00 ns, 4.7356 ns/op
OverheadActual  15: 131072 op, 524300.00 ns, 4.0001 ns/op
OverheadActual  16: 131072 op, 528600.00 ns, 4.0329 ns/op
OverheadActual  17: 131072 op, 529100.00 ns, 4.0367 ns/op

WorkloadWarmup   1: 131072 op, 762047000.00 ns, 5.8140 us/op
WorkloadWarmup   2: 131072 op, 684608100.00 ns, 5.2231 us/op
WorkloadWarmup   3: 131072 op, 724173000.00 ns, 5.5250 us/op
WorkloadWarmup   4: 131072 op, 691604400.00 ns, 5.2765 us/op
WorkloadWarmup   5: 131072 op, 708222100.00 ns, 5.4033 us/op
WorkloadWarmup   6: 131072 op, 704219600.00 ns, 5.3728 us/op

// BeforeActualRun
WorkloadActual   1: 131072 op, 704382900.00 ns, 5.3740 us/op
WorkloadActual   2: 131072 op, 694211800.00 ns, 5.2964 us/op
WorkloadActual   3: 131072 op, 693537500.00 ns, 5.2913 us/op
WorkloadActual   4: 131072 op, 694088300.00 ns, 5.2955 us/op
WorkloadActual   5: 131072 op, 700232600.00 ns, 5.3424 us/op
WorkloadActual   6: 131072 op, 697350100.00 ns, 5.3204 us/op
WorkloadActual   7: 131072 op, 676057100.00 ns, 5.1579 us/op
WorkloadActual   8: 131072 op, 688253800.00 ns, 5.2510 us/op
WorkloadActual   9: 131072 op, 706302900.00 ns, 5.3887 us/op
WorkloadActual  10: 131072 op, 701221400.00 ns, 5.3499 us/op
WorkloadActual  11: 131072 op, 687107900.00 ns, 5.2422 us/op
WorkloadActual  12: 131072 op, 696291800.00 ns, 5.3123 us/op
WorkloadActual  13: 131072 op, 688218700.00 ns, 5.2507 us/op
WorkloadActual  14: 131072 op, 690305300.00 ns, 5.2666 us/op
WorkloadActual  15: 131072 op, 682707000.00 ns, 5.2086 us/op

// AfterActualRun
WorkloadResult   1: 131072 op, 703849500.00 ns, 5.3699 us/op
WorkloadResult   2: 131072 op, 693678400.00 ns, 5.2923 us/op
WorkloadResult   3: 131072 op, 693004100.00 ns, 5.2872 us/op
WorkloadResult   4: 131072 op, 693554900.00 ns, 5.2914 us/op
WorkloadResult   5: 131072 op, 699699200.00 ns, 5.3383 us/op
WorkloadResult   6: 131072 op, 696816700.00 ns, 5.3163 us/op
WorkloadResult   7: 131072 op, 675523700.00 ns, 5.1538 us/op
WorkloadResult   8: 131072 op, 687720400.00 ns, 5.2469 us/op
WorkloadResult   9: 131072 op, 705769500.00 ns, 5.3846 us/op
WorkloadResult  10: 131072 op, 700688000.00 ns, 5.3458 us/op
WorkloadResult  11: 131072 op, 686574500.00 ns, 5.2381 us/op
WorkloadResult  12: 131072 op, 695758400.00 ns, 5.3082 us/op
WorkloadResult  13: 131072 op, 687685300.00 ns, 5.2466 us/op
WorkloadResult  14: 131072 op, 689771900.00 ns, 5.2625 us/op
WorkloadResult  15: 131072 op, 682173600.00 ns, 5.2046 us/op
// GC:  2333 12 0 14641266688 131072
// Threading:  0 0 131072

// AfterAll
// Benchmark Process 31064 has exited with code 0.

Mean = 5.286 μs, StdErr = 0.016 μs (0.30%), N = 15, StdDev = 0.062 μs
Min = 5.154 μs, Q1 = 5.247 μs, Median = 5.291 μs, Q3 = 5.327 μs, Max = 5.385 μs
IQR = 0.081 μs, LowerFence = 5.126 μs, UpperFence = 5.448 μs
ConfidenceInterval = [5.219 μs; 5.353 μs] (CI 99.9%), Margin = 0.067 μs (1.26% of Mean)
Skewness = -0.3, Kurtosis = 2.3, MValue = 2

// ** Remained 7 (87.5%) benchmark(s) to run. Estimated finish 2026-09-15 18:56 (0h 2m from now) **
Setup power plan (GUID: 8c5e7fda-e8bf-4a96-9a85-a6e23a8c635c FriendlyName: High performance)
// **************************
// Benchmark: StringBenchmark.StringBuilderConcatenation: DefaultJob [Iterations=100]
// *** Execute ***
// Launch: 1 / 1
// Execute: dotnet Benchmarks-DefaultJob-1.dll --anonymousPipes 1540 1508 --benchmarkName "StringBenchmark.StringBuilderConcatenation(Iterations: 100)" --job Default --benchmarkId 1 in C:\Users\monas\source\repos\MO7AMEDNAS3ER786-Assignment-4\Benchmarks\bin\Release\net10.0\Benchmarks-DefaultJob-1\bin\Release\net10.0
// BeforeAnythingElse

// Benchmark Process Environment Information:
// BenchmarkDotNet v0.15.8
// Runtime=.NET 10.0.8 (10.0.8, 10.0.826.23019), X64 RyuJIT x86-64-v3
// GC=Non-concurrent Workstation
// HardwareIntrinsics=AVX2+BMI1+BMI2+F16C+FMA+LZCNT+MOVBE,AVX,SSE3+SSSE3+SSE4.1+SSE4.2+POPCNT,X86Base+SSE+SSE2,AES+PCLMUL,AvxVnni,SERIALIZE VectorSize=256
// Job: DefaultJob

OverheadJitting  1: 1 op, 190700.00 ns, 190.7000 us/op
WorkloadJitting  1: 1 op, 392500.00 ns, 392.5000 us/op

OverheadJitting  2: 16 op, 412500.00 ns, 25.7813 us/op
WorkloadJitting  2: 16 op, 455600.00 ns, 28.4750 us/op

WorkloadPilot    1: 16 op, 79700.00 ns, 4.9813 us/op
WorkloadPilot    2: 32 op, 138400.00 ns, 4.3250 us/op
WorkloadPilot    3: 64 op, 257300.00 ns, 4.0203 us/op
WorkloadPilot    4: 128 op, 542900.00 ns, 4.2414 us/op
WorkloadPilot    5: 256 op, 1069800.00 ns, 4.1789 us/op
WorkloadPilot    6: 512 op, 2159300.00 ns, 4.2174 us/op
WorkloadPilot    7: 1024 op, 4060600.00 ns, 3.9654 us/op
WorkloadPilot    8: 2048 op, 5288600.00 ns, 2.5823 us/op
WorkloadPilot    9: 4096 op, 9747800.00 ns, 2.3798 us/op
WorkloadPilot   10: 8192 op, 19143200.00 ns, 2.3368 us/op
WorkloadPilot   11: 16384 op, 37600100.00 ns, 2.2949 us/op
WorkloadPilot   12: 32768 op, 60432500.00 ns, 1.8443 us/op
WorkloadPilot   13: 65536 op, 98055400.00 ns, 1.4962 us/op
WorkloadPilot   14: 131072 op, 101903800.00 ns, 777.4643 ns/op
WorkloadPilot   15: 262144 op, 188508300.00 ns, 719.1021 ns/op
WorkloadPilot   16: 524288 op, 387694100.00 ns, 739.4678 ns/op
WorkloadPilot   17: 1048576 op, 797922000.00 ns, 760.9577 ns/op

OverheadWarmup   1: 1048576 op, 4409200.00 ns, 4.2049 ns/op
OverheadWarmup   2: 1048576 op, 4214200.00 ns, 4.0190 ns/op
OverheadWarmup   3: 1048576 op, 4319000.00 ns, 4.1189 ns/op
OverheadWarmup   4: 1048576 op, 4394300.00 ns, 4.1907 ns/op
OverheadWarmup   5: 1048576 op, 4197200.00 ns, 4.0028 ns/op
OverheadWarmup   6: 1048576 op, 4481600.00 ns, 4.2740 ns/op
OverheadWarmup   7: 1048576 op, 4186700.00 ns, 3.9927 ns/op

OverheadActual   1: 1048576 op, 4386500.00 ns, 4.1833 ns/op
OverheadActual   2: 1048576 op, 4074300.00 ns, 3.8856 ns/op
OverheadActual   3: 1048576 op, 4229000.00 ns, 4.0331 ns/op
OverheadActual   4: 1048576 op, 4219500.00 ns, 4.0240 ns/op
OverheadActual   5: 1048576 op, 4480000.00 ns, 4.2725 ns/op
OverheadActual   6: 1048576 op, 4382600.00 ns, 4.1796 ns/op
OverheadActual   7: 1048576 op, 4202500.00 ns, 4.0078 ns/op
OverheadActual   8: 1048576 op, 4545600.00 ns, 4.3350 ns/op
OverheadActual   9: 1048576 op, 4219700.00 ns, 4.0242 ns/op
OverheadActual  10: 1048576 op, 4232200.00 ns, 4.0361 ns/op
OverheadActual  11: 1048576 op, 4208700.00 ns, 4.0137 ns/op
OverheadActual  12: 1048576 op, 4205800.00 ns, 4.0110 ns/op
OverheadActual  13: 1048576 op, 4638200.00 ns, 4.4233 ns/op
OverheadActual  14: 1048576 op, 4214800.00 ns, 4.0195 ns/op
OverheadActual  15: 1048576 op, 4484600.00 ns, 4.2768 ns/op

WorkloadWarmup   1: 1048576 op, 798029500.00 ns, 761.0602 ns/op
WorkloadWarmup   2: 1048576 op, 771203500.00 ns, 735.4770 ns/op
WorkloadWarmup   3: 1048576 op, 775241900.00 ns, 739.3283 ns/op
WorkloadWarmup   4: 1048576 op, 779050100.00 ns, 742.9601 ns/op
WorkloadWarmup   5: 1048576 op, 785181700.00 ns, 748.8076 ns/op
WorkloadWarmup   6: 1048576 op, 770528700.00 ns, 734.8334 ns/op
WorkloadWarmup   7: 1048576 op, 758936000.00 ns, 723.7778 ns/op
WorkloadWarmup   8: 1048576 op, 769300600.00 ns, 733.6622 ns/op
WorkloadWarmup   9: 1048576 op, 770348200.00 ns, 734.6613 ns/op
WorkloadWarmup  10: 1048576 op, 776699000.00 ns, 740.7179 ns/op
WorkloadWarmup  11: 1048576 op, 770158900.00 ns, 734.4808 ns/op

// BeforeActualRun
WorkloadActual   1: 1048576 op, 751899700.00 ns, 717.0674 ns/op
WorkloadActual   2: 1048576 op, 772682100.00 ns, 736.8871 ns/op
WorkloadActual   3: 1048576 op, 751822700.00 ns, 716.9940 ns/op
WorkloadActual   4: 1048576 op, 752475500.00 ns, 717.6166 ns/op
WorkloadActual   5: 1048576 op, 760010800.00 ns, 724.8028 ns/op
WorkloadActual   6: 1048576 op, 760213200.00 ns, 724.9958 ns/op
WorkloadActual   7: 1048576 op, 766314100.00 ns, 730.8141 ns/op
WorkloadActual   8: 1048576 op, 773391900.00 ns, 737.5640 ns/op
WorkloadActual   9: 1048576 op, 753588900.00 ns, 718.6784 ns/op
WorkloadActual  10: 1048576 op, 766058600.00 ns, 730.5704 ns/op
WorkloadActual  11: 1048576 op, 762476100.00 ns, 727.1539 ns/op
WorkloadActual  12: 1048576 op, 769439600.00 ns, 733.7948 ns/op
WorkloadActual  13: 1048576 op, 763185800.00 ns, 727.8307 ns/op
WorkloadActual  14: 1048576 op, 748863200.00 ns, 714.1716 ns/op
WorkloadActual  15: 1048576 op, 762543400.00 ns, 727.2181 ns/op

// AfterActualRun
WorkloadResult   1: 1048576 op, 747670700.00 ns, 713.0343 ns/op
WorkloadResult   2: 1048576 op, 768453100.00 ns, 732.8540 ns/op
WorkloadResult   3: 1048576 op, 747593700.00 ns, 712.9609 ns/op
WorkloadResult   4: 1048576 op, 748246500.00 ns, 713.5835 ns/op
WorkloadResult   5: 1048576 op, 755781800.00 ns, 720.7697 ns/op
WorkloadResult   6: 1048576 op, 755984200.00 ns, 720.9627 ns/op
WorkloadResult   7: 1048576 op, 762085100.00 ns, 726.7810 ns/op
WorkloadResult   8: 1048576 op, 769162900.00 ns, 733.5309 ns/op
WorkloadResult   9: 1048576 op, 749359900.00 ns, 714.6453 ns/op
WorkloadResult  10: 1048576 op, 761829600.00 ns, 726.5373 ns/op
WorkloadResult  11: 1048576 op, 758247100.00 ns, 723.1208 ns/op
WorkloadResult  12: 1048576 op, 765210600.00 ns, 729.7617 ns/op
WorkloadResult  13: 1048576 op, 758956800.00 ns, 723.7976 ns/op
WorkloadResult  14: 1048576 op, 744634200.00 ns, 710.1385 ns/op
WorkloadResult  15: 1048576 op, 758314400.00 ns, 723.1850 ns/op
// GC:  1149 20 0 7214202880 1048576
// Threading:  0 0 1048576

// AfterAll
// Benchmark Process 13456 has exited with code 0.

Mean = 721.711 ns, StdErr = 1.939 ns (0.27%), N = 15, StdDev = 7.509 ns
Min = 710.139 ns, Q1 = 714.114 ns, Median = 723.121 ns, Q3 = 726.659 ns, Max = 733.531 ns
IQR = 12.545 ns, LowerFence = 695.297 ns, UpperFence = 745.476 ns
ConfidenceInterval = [713.683 ns; 729.739 ns] (CI 99.9%), Margin = 8.028 ns (1.11% of Mean)
Skewness = 0.01, Kurtosis = 1.61, MValue = 2

// ** Remained 6 (75.0%) benchmark(s) to run. Estimated finish 2026-09-15 18:56 (0h 2m from now) **
Setup power plan (GUID: 8c5e7fda-e8bf-4a96-9a85-a6e23a8c635c FriendlyName: High performance)
// **************************
// Benchmark: StringBenchmark.StringConcatenation: DefaultJob [Iterations=1000]
// *** Execute ***
// Launch: 1 / 1
// Execute: dotnet Benchmarks-DefaultJob-1.dll --anonymousPipes 652 1556 --benchmarkName "StringBenchmark.StringConcatenation(Iterations: 1000)" --job Default --benchmarkId 2 in C:\Users\monas\source\repos\MO7AMEDNAS3ER786-Assignment-4\Benchmarks\bin\Release\net10.0\Benchmarks-DefaultJob-1\bin\Release\net10.0
// BeforeAnythingElse

// Benchmark Process Environment Information:
// BenchmarkDotNet v0.15.8
// Runtime=.NET 10.0.8 (10.0.8, 10.0.826.23019), X64 RyuJIT x86-64-v3
// GC=Non-concurrent Workstation
// HardwareIntrinsics=AVX2+BMI1+BMI2+F16C+FMA+LZCNT+MOVBE,AVX,SSE3+SSSE3+SSE4.1+SSE4.2+POPCNT,X86Base+SSE+SSE2,AES+PCLMUL,AvxVnni,SERIALIZE VectorSize=256
// Job: DefaultJob

OverheadJitting  1: 1 op, 189900.00 ns, 189.9000 us/op
WorkloadJitting  1: 1 op, 2927200.00 ns, 2.9272 ms/op

OverheadJitting  2: 16 op, 425200.00 ns, 26.5750 us/op
WorkloadJitting  2: 16 op, 14409300.00 ns, 900.5813 us/op

WorkloadPilot    1: 16 op, 11207300.00 ns, 700.4563 us/op
WorkloadPilot    2: 32 op, 23126200.00 ns, 722.6938 us/op
WorkloadPilot    3: 64 op, 38316300.00 ns, 598.6922 us/op
WorkloadPilot    4: 128 op, 73138100.00 ns, 571.3914 us/op
WorkloadPilot    5: 256 op, 145784600.00 ns, 569.4711 us/op
WorkloadPilot    6: 512 op, 273467900.00 ns, 534.1170 us/op
WorkloadPilot    7: 1024 op, 556853700.00 ns, 543.8024 us/op

OverheadWarmup   1: 1024 op, 5200.00 ns, 5.0781 ns/op
OverheadWarmup   2: 1024 op, 4900.00 ns, 4.7852 ns/op
OverheadWarmup   3: 1024 op, 4800.00 ns, 4.6875 ns/op
OverheadWarmup   4: 1024 op, 5800.00 ns, 5.6641 ns/op
OverheadWarmup   5: 1024 op, 4700.00 ns, 4.5898 ns/op
OverheadWarmup   6: 1024 op, 4800.00 ns, 4.6875 ns/op
OverheadWarmup   7: 1024 op, 4800.00 ns, 4.6875 ns/op

OverheadActual   1: 1024 op, 5200.00 ns, 5.0781 ns/op
OverheadActual   2: 1024 op, 5500.00 ns, 5.3711 ns/op
OverheadActual   3: 1024 op, 5000.00 ns, 4.8828 ns/op
OverheadActual   4: 1024 op, 4800.00 ns, 4.6875 ns/op
OverheadActual   5: 1024 op, 5100.00 ns, 4.9805 ns/op
OverheadActual   6: 1024 op, 4800.00 ns, 4.6875 ns/op
OverheadActual   7: 1024 op, 4500.00 ns, 4.3945 ns/op
OverheadActual   8: 1024 op, 4800.00 ns, 4.6875 ns/op
OverheadActual   9: 1024 op, 4500.00 ns, 4.3945 ns/op
OverheadActual  10: 1024 op, 5400.00 ns, 5.2734 ns/op
OverheadActual  11: 1024 op, 4800.00 ns, 4.6875 ns/op
OverheadActual  12: 1024 op, 4700.00 ns, 4.5898 ns/op
OverheadActual  13: 1024 op, 4900.00 ns, 4.7852 ns/op
OverheadActual  14: 1024 op, 4700.00 ns, 4.5898 ns/op
OverheadActual  15: 1024 op, 4700.00 ns, 4.5898 ns/op
OverheadActual  16: 1024 op, 4600.00 ns, 4.4922 ns/op
OverheadActual  17: 1024 op, 4800.00 ns, 4.6875 ns/op
OverheadActual  18: 1024 op, 4800.00 ns, 4.6875 ns/op

WorkloadWarmup   1: 1024 op, 524363700.00 ns, 512.0739 us/op
WorkloadWarmup   2: 1024 op, 512690500.00 ns, 500.6743 us/op
WorkloadWarmup   3: 1024 op, 519243100.00 ns, 507.0733 us/op
WorkloadWarmup   4: 1024 op, 510880500.00 ns, 498.9067 us/op
WorkloadWarmup   5: 1024 op, 516279600.00 ns, 504.1793 us/op
WorkloadWarmup   6: 1024 op, 520305400.00 ns, 508.1107 us/op
WorkloadWarmup   7: 1024 op, 502850600.00 ns, 491.0650 us/op

// BeforeActualRun
WorkloadActual   1: 1024 op, 507056000.00 ns, 495.1719 us/op
WorkloadActual   2: 1024 op, 500151500.00 ns, 488.4292 us/op
WorkloadActual   3: 1024 op, 507452300.00 ns, 495.5589 us/op
WorkloadActual   4: 1024 op, 508865000.00 ns, 496.9385 us/op
WorkloadActual   5: 1024 op, 517022500.00 ns, 504.9048 us/op
WorkloadActual   6: 1024 op, 495038100.00 ns, 483.4356 us/op
WorkloadActual   7: 1024 op, 505808900.00 ns, 493.9540 us/op
WorkloadActual   8: 1024 op, 509432800.00 ns, 497.4930 us/op
WorkloadActual   9: 1024 op, 503814000.00 ns, 492.0059 us/op
WorkloadActual  10: 1024 op, 501742000.00 ns, 489.9824 us/op
WorkloadActual  11: 1024 op, 496886900.00 ns, 485.2411 us/op
WorkloadActual  12: 1024 op, 494985400.00 ns, 483.3842 us/op
WorkloadActual  13: 1024 op, 502249000.00 ns, 490.4775 us/op
WorkloadActual  14: 1024 op, 500292600.00 ns, 488.5670 us/op
WorkloadActual  15: 1024 op, 500347600.00 ns, 488.6207 us/op

// AfterActualRun
WorkloadResult   1: 1024 op, 507051200.00 ns, 495.1672 us/op
WorkloadResult   2: 1024 op, 500146700.00 ns, 488.4245 us/op
WorkloadResult   3: 1024 op, 507447500.00 ns, 495.5542 us/op
WorkloadResult   4: 1024 op, 508860200.00 ns, 496.9338 us/op
WorkloadResult   5: 1024 op, 517017700.00 ns, 504.9001 us/op
WorkloadResult   6: 1024 op, 495033300.00 ns, 483.4310 us/op
WorkloadResult   7: 1024 op, 505804100.00 ns, 493.9493 us/op
WorkloadResult   8: 1024 op, 509428000.00 ns, 497.4883 us/op
WorkloadResult   9: 1024 op, 503809200.00 ns, 492.0012 us/op
WorkloadResult  10: 1024 op, 501737200.00 ns, 489.9777 us/op
WorkloadResult  11: 1024 op, 496882100.00 ns, 485.2364 us/op
WorkloadResult  12: 1024 op, 494980600.00 ns, 483.3795 us/op
WorkloadResult  13: 1024 op, 502244200.00 ns, 490.4729 us/op
WorkloadResult  14: 1024 op, 500287800.00 ns, 488.5623 us/op
WorkloadResult  15: 1024 op, 500342800.00 ns, 488.6160 us/op
// GC:  1932 113 0 12136554496 1024
// Threading:  0 0 1024

// AfterAll
// Benchmark Process 9904 has exited with code 0.

Mean = 491.606 μs, StdErr = 1.513 μs (0.31%), N = 15, StdDev = 5.861 μs
Min = 483.379 μs, Q1 = 488.493 μs, Median = 490.473 μs, Q3 = 495.361 μs, Max = 504.900 μs
IQR = 6.867 μs, LowerFence = 478.192 μs, UpperFence = 505.662 μs
ConfidenceInterval = [485.340 μs; 497.872 μs] (CI 99.9%), Margin = 6.266 μs (1.27% of Mean)
Skewness = 0.45, Kurtosis = 2.52, MValue = 2

// ** Remained 5 (62.5%) benchmark(s) to run. Estimated finish 2026-09-15 18:56 (0h 1m from now) **
Setup power plan (GUID: 8c5e7fda-e8bf-4a96-9a85-a6e23a8c635c FriendlyName: High performance)
// **************************
// Benchmark: StringBenchmark.StringBuilderConcatenation: DefaultJob [Iterations=1000]
// *** Execute ***
// Launch: 1 / 1
// Execute: dotnet Benchmarks-DefaultJob-1.dll --anonymousPipes 656 1580 --benchmarkName "StringBenchmark.StringBuilderConcatenation(Iterations: 1000)" --job Default --benchmarkId 3 in C:\Users\monas\source\repos\MO7AMEDNAS3ER786-Assignment-4\Benchmarks\bin\Release\net10.0\Benchmarks-DefaultJob-1\bin\Release\net10.0
// BeforeAnythingElse

// Benchmark Process Environment Information:
// BenchmarkDotNet v0.15.8
// Runtime=.NET 10.0.8 (10.0.8, 10.0.826.23019), X64 RyuJIT x86-64-v3
// GC=Non-concurrent Workstation
// HardwareIntrinsics=AVX2+BMI1+BMI2+F16C+FMA+LZCNT+MOVBE,AVX,SSE3+SSSE3+SSE4.1+SSE4.2+POPCNT,X86Base+SSE+SSE2,AES+PCLMUL,AvxVnni,SERIALIZE VectorSize=256
// Job: DefaultJob

OverheadJitting  1: 1 op, 191600.00 ns, 191.6000 us/op
WorkloadJitting  1: 1 op, 425900.00 ns, 425.9000 us/op

OverheadJitting  2: 16 op, 395800.00 ns, 24.7375 us/op
WorkloadJitting  2: 16 op, 5321100.00 ns, 332.5688 us/op

WorkloadPilot    1: 16 op, 656400.00 ns, 41.0250 us/op
WorkloadPilot    2: 32 op, 977100.00 ns, 30.5344 us/op
WorkloadPilot    3: 64 op, 2280900.00 ns, 35.6391 us/op
WorkloadPilot    4: 128 op, 3972000.00 ns, 31.0313 us/op
WorkloadPilot    5: 256 op, 5921900.00 ns, 23.1324 us/op
WorkloadPilot    6: 512 op, 11113100.00 ns, 21.7053 us/op
WorkloadPilot    7: 1024 op, 21805800.00 ns, 21.2947 us/op
WorkloadPilot    8: 2048 op, 40328900.00 ns, 19.6918 us/op
WorkloadPilot    9: 4096 op, 64328300.00 ns, 15.7052 us/op
WorkloadPilot   10: 8192 op, 106905100.00 ns, 13.0499 us/op
WorkloadPilot   11: 16384 op, 115921600.00 ns, 7.0753 us/op
WorkloadPilot   12: 32768 op, 188684400.00 ns, 5.7582 us/op
WorkloadPilot   13: 65536 op, 374722700.00 ns, 5.7178 us/op
WorkloadPilot   14: 131072 op, 750564400.00 ns, 5.7264 us/op

OverheadWarmup   1: 131072 op, 641500.00 ns, 4.8943 ns/op
OverheadWarmup   2: 131072 op, 618600.00 ns, 4.7195 ns/op
OverheadWarmup   3: 131072 op, 548000.00 ns, 4.1809 ns/op
OverheadWarmup   4: 131072 op, 530100.00 ns, 4.0443 ns/op
OverheadWarmup   5: 131072 op, 535800.00 ns, 4.0878 ns/op
OverheadWarmup   6: 131072 op, 544700.00 ns, 4.1557 ns/op
OverheadWarmup   7: 131072 op, 549300.00 ns, 4.1908 ns/op
OverheadWarmup   8: 131072 op, 543500.00 ns, 4.1466 ns/op
OverheadWarmup   9: 131072 op, 539400.00 ns, 4.1153 ns/op
OverheadWarmup  10: 131072 op, 527300.00 ns, 4.0230 ns/op

OverheadActual   1: 131072 op, 527300.00 ns, 4.0230 ns/op
OverheadActual   2: 131072 op, 674100.00 ns, 5.1430 ns/op
OverheadActual   3: 131072 op, 527200.00 ns, 4.0222 ns/op
OverheadActual   4: 131072 op, 544200.00 ns, 4.1519 ns/op
OverheadActual   5: 131072 op, 540600.00 ns, 4.1245 ns/op
OverheadActual   6: 131072 op, 541600.00 ns, 4.1321 ns/op
OverheadActual   7: 131072 op, 533900.00 ns, 4.0733 ns/op
OverheadActual   8: 131072 op, 544900.00 ns, 4.1573 ns/op
OverheadActual   9: 131072 op, 522600.00 ns, 3.9871 ns/op
OverheadActual  10: 131072 op, 533300.00 ns, 4.0688 ns/op
OverheadActual  11: 131072 op, 530800.00 ns, 4.0497 ns/op
OverheadActual  12: 131072 op, 524300.00 ns, 4.0001 ns/op
OverheadActual  13: 131072 op, 545500.00 ns, 4.1618 ns/op
OverheadActual  14: 131072 op, 548000.00 ns, 4.1809 ns/op
OverheadActual  15: 131072 op, 524300.00 ns, 4.0001 ns/op

WorkloadWarmup   1: 131072 op, 715971800.00 ns, 5.4624 us/op
WorkloadWarmup   2: 131072 op, 713117800.00 ns, 5.4407 us/op
WorkloadWarmup   3: 131072 op, 722523200.00 ns, 5.5124 us/op
WorkloadWarmup   4: 131072 op, 723786000.00 ns, 5.5220 us/op
WorkloadWarmup   5: 131072 op, 717023800.00 ns, 5.4705 us/op
WorkloadWarmup   6: 131072 op, 711087600.00 ns, 5.4252 us/op
WorkloadWarmup   7: 131072 op, 714005200.00 ns, 5.4474 us/op
WorkloadWarmup   8: 131072 op, 727670400.00 ns, 5.5517 us/op
WorkloadWarmup   9: 131072 op, 731852200.00 ns, 5.5836 us/op
WorkloadWarmup  10: 131072 op, 732464600.00 ns, 5.5883 us/op
WorkloadWarmup  11: 131072 op, 740032200.00 ns, 5.6460 us/op
WorkloadWarmup  12: 131072 op, 745199300.00 ns, 5.6854 us/op
WorkloadWarmup  13: 131072 op, 749568500.00 ns, 5.7188 us/op
WorkloadWarmup  14: 131072 op, 731816900.00 ns, 5.5833 us/op

// BeforeActualRun
WorkloadActual   1: 131072 op, 724101800.00 ns, 5.5245 us/op
WorkloadActual   2: 131072 op, 717358700.00 ns, 5.4730 us/op
WorkloadActual   3: 131072 op, 717569500.00 ns, 5.4746 us/op
WorkloadActual   4: 131072 op, 728877400.00 ns, 5.5609 us/op
WorkloadActual   5: 131072 op, 735157000.00 ns, 5.6088 us/op
WorkloadActual   6: 131072 op, 727792100.00 ns, 5.5526 us/op
WorkloadActual   7: 131072 op, 718010600.00 ns, 5.4780 us/op
WorkloadActual   8: 131072 op, 724622100.00 ns, 5.5284 us/op
WorkloadActual   9: 131072 op, 724410600.00 ns, 5.5268 us/op
WorkloadActual  10: 131072 op, 722312200.00 ns, 5.5108 us/op
WorkloadActual  11: 131072 op, 718526800.00 ns, 5.4819 us/op
WorkloadActual  12: 131072 op, 723412100.00 ns, 5.5192 us/op
WorkloadActual  13: 131072 op, 727104200.00 ns, 5.5474 us/op
WorkloadActual  14: 131072 op, 727825500.00 ns, 5.5529 us/op
WorkloadActual  15: 131072 op, 729197900.00 ns, 5.5633 us/op

// AfterActualRun
WorkloadResult   1: 131072 op, 723567900.00 ns, 5.5204 us/op
WorkloadResult   2: 131072 op, 716824800.00 ns, 5.4689 us/op
WorkloadResult   3: 131072 op, 717035600.00 ns, 5.4705 us/op
WorkloadResult   4: 131072 op, 728343500.00 ns, 5.5568 us/op
WorkloadResult   5: 131072 op, 734623100.00 ns, 5.6047 us/op
WorkloadResult   6: 131072 op, 727258200.00 ns, 5.5485 us/op
WorkloadResult   7: 131072 op, 717476700.00 ns, 5.4739 us/op
WorkloadResult   8: 131072 op, 724088200.00 ns, 5.5244 us/op
WorkloadResult   9: 131072 op, 723876700.00 ns, 5.5227 us/op
WorkloadResult  10: 131072 op, 721778300.00 ns, 5.5067 us/op
WorkloadResult  11: 131072 op, 717992900.00 ns, 5.4779 us/op
WorkloadResult  12: 131072 op, 722878200.00 ns, 5.5151 us/op
WorkloadResult  13: 131072 op, 726570300.00 ns, 5.5433 us/op
WorkloadResult  14: 131072 op, 727291600.00 ns, 5.5488 us/op
WorkloadResult  15: 131072 op, 728664000.00 ns, 5.5593 us/op
// GC:  1191 132 0 7473201152 131072
// Threading:  0 0 131072

// AfterAll
// Benchmark Process 16544 has exited with code 0.

Mean = 5.523 μs, StdErr = 0.010 μs (0.18%), N = 15, StdDev = 0.039 μs
Min = 5.469 μs, Q1 = 5.492 μs, Median = 5.523 μs, Q3 = 5.549 μs, Max = 5.605 μs
IQR = 0.056 μs, LowerFence = 5.408 μs, UpperFence = 5.633 μs
ConfidenceInterval = [5.481 μs; 5.565 μs] (CI 99.9%), Margin = 0.042 μs (0.76% of Mean)
Skewness = 0.19, Kurtosis = 2.15, MValue = 2

// ** Remained 4 (50.0%) benchmark(s) to run. Estimated finish 2026-09-15 18:56 (0h 1m from now) **
Setup power plan (GUID: 8c5e7fda-e8bf-4a96-9a85-a6e23a8c635c FriendlyName: High performance)
// **************************
// Benchmark: StringBenchmark.StringConcatenation: DefaultJob [Iterations=10000]
// *** Execute ***
// Launch: 1 / 1
// Execute: dotnet Benchmarks-DefaultJob-1.dll --anonymousPipes 1560 1612 --benchmarkName "StringBenchmark.StringConcatenation(Iterations: 10000)" --job Default --benchmarkId 4 in C:\Users\monas\source\repos\MO7AMEDNAS3ER786-Assignment-4\Benchmarks\bin\Release\net10.0\Benchmarks-DefaultJob-1\bin\Release\net10.0
// BeforeAnythingElse

// Benchmark Process Environment Information:
// BenchmarkDotNet v0.15.8
// Runtime=.NET 10.0.8 (10.0.8, 10.0.826.23019), X64 RyuJIT x86-64-v3
// GC=Non-concurrent Workstation
// HardwareIntrinsics=AVX2+BMI1+BMI2+F16C+FMA+LZCNT+MOVBE,AVX,SSE3+SSSE3+SSE4.1+SSE4.2+POPCNT,X86Base+SSE+SSE2,AES+PCLMUL,AvxVnni,SERIALIZE VectorSize=256
// Job: DefaultJob

OverheadJitting  1: 1 op, 215200.00 ns, 215.2000 us/op
WorkloadJitting  1: 1 op, 100421800.00 ns, 100.4218 ms/op

WorkloadPilot    1: 2 op, 166721600.00 ns, 83.3608 ms/op
WorkloadPilot    2: 3 op, 255924000.00 ns, 85.3080 ms/op
WorkloadPilot    3: 4 op, 337705400.00 ns, 84.4264 ms/op
WorkloadPilot    4: 5 op, 415969000.00 ns, 83.1938 ms/op
WorkloadPilot    5: 6 op, 503436600.00 ns, 83.9061 ms/op

WorkloadWarmup   1: 6 op, 499713500.00 ns, 83.2856 ms/op
WorkloadWarmup   2: 6 op, 576646200.00 ns, 96.1077 ms/op
WorkloadWarmup   3: 6 op, 525266900.00 ns, 87.5445 ms/op
WorkloadWarmup   4: 6 op, 497217200.00 ns, 82.8695 ms/op
WorkloadWarmup   5: 6 op, 493134300.00 ns, 82.1891 ms/op
WorkloadWarmup   6: 6 op, 501883300.00 ns, 83.6472 ms/op
WorkloadWarmup   7: 6 op, 499519400.00 ns, 83.2532 ms/op

// BeforeActualRun
WorkloadActual   1: 6 op, 509970000.00 ns, 84.9950 ms/op
WorkloadActual   2: 6 op, 500163800.00 ns, 83.3606 ms/op
WorkloadActual   3: 6 op, 494781600.00 ns, 82.4636 ms/op
WorkloadActual   4: 6 op, 506330000.00 ns, 84.3883 ms/op
WorkloadActual   5: 6 op, 494384000.00 ns, 82.3973 ms/op
WorkloadActual   6: 6 op, 501843000.00 ns, 83.6405 ms/op
WorkloadActual   7: 6 op, 511801900.00 ns, 85.3003 ms/op
WorkloadActual   8: 6 op, 523876600.00 ns, 87.3128 ms/op
WorkloadActual   9: 6 op, 494106900.00 ns, 82.3512 ms/op
WorkloadActual  10: 6 op, 497455700.00 ns, 82.9093 ms/op
WorkloadActual  11: 6 op, 496680400.00 ns, 82.7801 ms/op
WorkloadActual  12: 6 op, 497869600.00 ns, 82.9783 ms/op
WorkloadActual  13: 6 op, 495952600.00 ns, 82.6588 ms/op
WorkloadActual  14: 6 op, 496293300.00 ns, 82.7156 ms/op
WorkloadActual  15: 6 op, 496085300.00 ns, 82.6809 ms/op

// AfterActualRun
WorkloadResult   1: 6 op, 509970000.00 ns, 84.9950 ms/op
WorkloadResult   2: 6 op, 500163800.00 ns, 83.3606 ms/op
WorkloadResult   3: 6 op, 494781600.00 ns, 82.4636 ms/op
WorkloadResult   4: 6 op, 506330000.00 ns, 84.3883 ms/op
WorkloadResult   5: 6 op, 494384000.00 ns, 82.3973 ms/op
WorkloadResult   6: 6 op, 501843000.00 ns, 83.6405 ms/op
WorkloadResult   7: 6 op, 511801900.00 ns, 85.3003 ms/op
WorkloadResult   8: 6 op, 494106900.00 ns, 82.3512 ms/op
WorkloadResult   9: 6 op, 497455700.00 ns, 82.9093 ms/op
WorkloadResult  10: 6 op, 496680400.00 ns, 82.7801 ms/op
WorkloadResult  11: 6 op, 497869600.00 ns, 82.9783 ms/op
WorkloadResult  12: 6 op, 495952600.00 ns, 82.6588 ms/op
WorkloadResult  13: 6 op, 496293300.00 ns, 82.7156 ms/op
WorkloadResult  14: 6 op, 496085300.00 ns, 82.6809 ms/op
// GC:  2243 2135 2111 7677721584 6
// Threading:  0 0 6

// AfterAll
// Benchmark Process 8584 has exited with code 0.

Mean = 83.259 ms, StdErr = 0.259 ms (0.31%), N = 14, StdDev = 0.970 ms
Min = 82.351 ms, Q1 = 82.664 ms, Median = 82.845 ms, Q3 = 83.571 ms, Max = 85.300 ms
IQR = 0.906 ms, LowerFence = 81.305 ms, UpperFence = 84.930 ms
ConfidenceInterval = [82.164 ms; 84.353 ms] (CI 99.9%), Margin = 1.094 ms (1.31% of Mean)
Skewness = 0.99, Kurtosis = 2.43, MValue = 2

// ** Remained 3 (37.5%) benchmark(s) to run. Estimated finish 2026-09-15 18:56 (0h 0m from now) **
Setup power plan (GUID: 8c5e7fda-e8bf-4a96-9a85-a6e23a8c635c FriendlyName: High performance)
// **************************
// Benchmark: StringBenchmark.StringBuilderConcatenation: DefaultJob [Iterations=10000]
// *** Execute ***
// Launch: 1 / 1
// Execute: dotnet Benchmarks-DefaultJob-1.dll --anonymousPipes 1508 1100 --benchmarkName "StringBenchmark.StringBuilderConcatenation(Iterations: 10000)" --job Default --benchmarkId 5 in C:\Users\monas\source\repos\MO7AMEDNAS3ER786-Assignment-4\Benchmarks\bin\Release\net10.0\Benchmarks-DefaultJob-1\bin\Release\net10.0
// BeforeAnythingElse

// Benchmark Process Environment Information:
// BenchmarkDotNet v0.15.8
// Runtime=.NET 10.0.8 (10.0.8, 10.0.826.23019), X64 RyuJIT x86-64-v3
// GC=Non-concurrent Workstation
// HardwareIntrinsics=AVX2+BMI1+BMI2+F16C+FMA+LZCNT+MOVBE,AVX,SSE3+SSSE3+SSE4.1+SSE4.2+POPCNT,X86Base+SSE+SSE2,AES+PCLMUL,AvxVnni,SERIALIZE VectorSize=256
// Job: DefaultJob

OverheadJitting  1: 1 op, 189800.00 ns, 189.8000 us/op
WorkloadJitting  1: 1 op, 3377400.00 ns, 3.3774 ms/op

OverheadJitting  2: 16 op, 434000.00 ns, 27.1250 us/op
WorkloadJitting  2: 16 op, 4671300.00 ns, 291.9563 us/op

WorkloadPilot    1: 16 op, 3873800.00 ns, 242.1125 us/op
WorkloadPilot    2: 32 op, 7655900.00 ns, 239.2469 us/op
WorkloadPilot    3: 64 op, 11742200.00 ns, 183.4719 us/op
WorkloadPilot    4: 128 op, 22269600.00 ns, 173.9813 us/op
WorkloadPilot    5: 256 op, 44439100.00 ns, 173.5902 us/op
WorkloadPilot    6: 512 op, 83346600.00 ns, 162.7863 us/op
WorkloadPilot    7: 1024 op, 160384400.00 ns, 156.6254 us/op
WorkloadPilot    8: 2048 op, 324622400.00 ns, 158.5070 us/op
WorkloadPilot    9: 4096 op, 635669200.00 ns, 155.1927 us/op

OverheadWarmup   1: 4096 op, 19100.00 ns, 4.6631 ns/op
OverheadWarmup   2: 4096 op, 17600.00 ns, 4.2969 ns/op
OverheadWarmup   3: 4096 op, 17900.00 ns, 4.3701 ns/op
OverheadWarmup   4: 4096 op, 17800.00 ns, 4.3457 ns/op
OverheadWarmup   5: 4096 op, 17600.00 ns, 4.2969 ns/op
OverheadWarmup   6: 4096 op, 17600.00 ns, 4.2969 ns/op
OverheadWarmup   7: 4096 op, 17500.00 ns, 4.2725 ns/op

OverheadActual   1: 4096 op, 17200.00 ns, 4.1992 ns/op
OverheadActual   2: 4096 op, 17100.00 ns, 4.1748 ns/op
OverheadActual   3: 4096 op, 18000.00 ns, 4.3945 ns/op
OverheadActual   4: 4096 op, 18000.00 ns, 4.3945 ns/op
OverheadActual   5: 4096 op, 17200.00 ns, 4.1992 ns/op
OverheadActual   6: 4096 op, 17600.00 ns, 4.2969 ns/op
OverheadActual   7: 4096 op, 17500.00 ns, 4.2725 ns/op
OverheadActual   8: 4096 op, 17900.00 ns, 4.3701 ns/op
OverheadActual   9: 4096 op, 17600.00 ns, 4.2969 ns/op
OverheadActual  10: 4096 op, 17900.00 ns, 4.3701 ns/op
OverheadActual  11: 4096 op, 17100.00 ns, 4.1748 ns/op
OverheadActual  12: 4096 op, 17100.00 ns, 4.1748 ns/op
OverheadActual  13: 4096 op, 17600.00 ns, 4.2969 ns/op
OverheadActual  14: 4096 op, 17700.00 ns, 4.3213 ns/op
OverheadActual  15: 4096 op, 17600.00 ns, 4.2969 ns/op

WorkloadWarmup   1: 4096 op, 614669300.00 ns, 150.0657 us/op
WorkloadWarmup   2: 4096 op, 595714300.00 ns, 145.4381 us/op
WorkloadWarmup   3: 4096 op, 598157600.00 ns, 146.0346 us/op
WorkloadWarmup   4: 4096 op, 606536900.00 ns, 148.0803 us/op
WorkloadWarmup   5: 4096 op, 592782600.00 ns, 144.7223 us/op
WorkloadWarmup   6: 4096 op, 596259800.00 ns, 145.5712 us/op
WorkloadWarmup   7: 4096 op, 625170000.00 ns, 152.6294 us/op
WorkloadWarmup   8: 4096 op, 612909900.00 ns, 149.6362 us/op

// BeforeActualRun
WorkloadActual   1: 4096 op, 602147000.00 ns, 147.0085 us/op
WorkloadActual   2: 4096 op, 607390800.00 ns, 148.2888 us/op
WorkloadActual   3: 4096 op, 601252600.00 ns, 146.7902 us/op
WorkloadActual   4: 4096 op, 599899800.00 ns, 146.4599 us/op
WorkloadActual   5: 4096 op, 601132000.00 ns, 146.7607 us/op
WorkloadActual   6: 4096 op, 595556800.00 ns, 145.3996 us/op
WorkloadActual   7: 4096 op, 609978800.00 ns, 148.9206 us/op
WorkloadActual   8: 4096 op, 592829800.00 ns, 144.7338 us/op
WorkloadActual   9: 4096 op, 603034300.00 ns, 147.2252 us/op
WorkloadActual  10: 4096 op, 612165000.00 ns, 149.4543 us/op
WorkloadActual  11: 4096 op, 621486800.00 ns, 151.7302 us/op
WorkloadActual  12: 4096 op, 606529100.00 ns, 148.0784 us/op
WorkloadActual  13: 4096 op, 607745900.00 ns, 148.3755 us/op
WorkloadActual  14: 4096 op, 607883500.00 ns, 148.4091 us/op
WorkloadActual  15: 4096 op, 605515700.00 ns, 147.8310 us/op

// AfterActualRun
WorkloadResult   1: 4096 op, 602129400.00 ns, 147.0042 us/op
WorkloadResult   2: 4096 op, 607373200.00 ns, 148.2845 us/op
WorkloadResult   3: 4096 op, 601235000.00 ns, 146.7859 us/op
WorkloadResult   4: 4096 op, 599882200.00 ns, 146.4556 us/op
WorkloadResult   5: 4096 op, 601114400.00 ns, 146.7564 us/op
WorkloadResult   6: 4096 op, 595539200.00 ns, 145.3953 us/op
WorkloadResult   7: 4096 op, 609961200.00 ns, 148.9163 us/op
WorkloadResult   8: 4096 op, 592812200.00 ns, 144.7295 us/op
WorkloadResult   9: 4096 op, 603016700.00 ns, 147.2209 us/op
WorkloadResult  10: 4096 op, 612147400.00 ns, 149.4500 us/op
WorkloadResult  11: 4096 op, 606511500.00 ns, 148.0741 us/op
WorkloadResult  12: 4096 op, 607728300.00 ns, 148.3712 us/op
WorkloadResult  13: 4096 op, 607865900.00 ns, 148.4048 us/op
WorkloadResult  14: 4096 op, 605498100.00 ns, 147.8267 us/op
// GC:  315 315 315 2180095008 4096
// Threading:  0 0 4096

// AfterAll
// Benchmark Process 19824 has exited with code 0.

Mean = 147.405 μs, StdErr = 0.355 μs (0.24%), N = 14, StdDev = 1.327 μs
Min = 144.730 μs, Q1 = 146.764 μs, Median = 147.524 μs, Q3 = 148.349 μs, Max = 149.450 μs
IQR = 1.586 μs, LowerFence = 144.385 μs, UpperFence = 150.728 μs
ConfidenceInterval = [145.908 μs; 148.902 μs] (CI 99.9%), Margin = 1.497 μs (1.02% of Mean)
Skewness = -0.42, Kurtosis = 2.17, MValue = 2

// ** Remained 2 (25.0%) benchmark(s) to run. Estimated finish 2026-09-15 18:56 (0h 0m from now) **
Setup power plan (GUID: 8c5e7fda-e8bf-4a96-9a85-a6e23a8c635c FriendlyName: High performance)
// **************************
// Benchmark: StringBenchmark.StringConcatenation: DefaultJob [Iterations=100000]
// *** Execute ***
// Launch: 1 / 1
// Execute: dotnet Benchmarks-DefaultJob-1.dll --anonymousPipes 888 656 --benchmarkName "StringBenchmark.StringConcatenation(Iterations: 100000)" --job Default --benchmarkId 6 in C:\Users\monas\source\repos\MO7AMEDNAS3ER786-Assignment-4\Benchmarks\bin\Release\net10.0\Benchmarks-DefaultJob-1\bin\Release\net10.0
// BeforeAnythingElse

// Benchmark Process Environment Information:
// BenchmarkDotNet v0.15.8
// Runtime=.NET 10.0.8 (10.0.8, 10.0.826.23019), X64 RyuJIT x86-64-v3
// GC=Non-concurrent Workstation
// HardwareIntrinsics=AVX2+BMI1+BMI2+F16C+FMA+LZCNT+MOVBE,AVX,SSE3+SSSE3+SSE4.1+SSE4.2+POPCNT,X86Base+SSE+SSE2,AES+PCLMUL,AvxVnni,SERIALIZE VectorSize=256
// Job: DefaultJob

OverheadJitting  1: 1 op, 205400.00 ns, 205.4000 us/op
WorkloadJitting  1: 1 op, 26951322700.00 ns, 26.9513 s/op

WorkloadWarmup   1: 1 op, 26976256500.00 ns, 26.9763 s/op
WorkloadWarmup   2: 1 op, 27251193500.00 ns, 27.2512 s/op
Successfully reverted power plan (GUID: 381b4222-f694-41f0-9685-ff5bb260df2e FriendlyName: Balanced)
