// Validating benchmarks:
// ***** BenchmarkRunner: Start   *****
// ***** Found 8 benchmark(s) in total *****
// ***** Building 1 exe(s) in Parallel: Start   *****
// start dotnet  restore --nodeReuse:false /p:UseSharedCompilation=false /p:Deterministic=true /p:Optimize=true /p:ArtifactsPath="C:\Users\monas\source\repos\MO7AMEDNAS3ER786-Assignment-4\Benchmarks\bin\Release\net10.0\Benchmarks-DefaultJob-1/" /p:OutDir="C:\Users\monas\source\repos\MO7AMEDNAS3ER786-Assignment-4\Benchmarks\bin\Release\net10.0\Benchmarks-DefaultJob-1\bin\Release\net10.0/" /p:OutputPath="C:\Users\monas\source\repos\MO7AMEDNAS3ER786-Assignment-4\Benchmarks\bin\Release\net10.0\Benchmarks-DefaultJob-1\bin\Release\net10.0/" /p:PublishDir="C:\Users\monas\source\repos\MO7AMEDNAS3ER786-Assignment-4\Benchmarks\bin\Release\net10.0\Benchmarks-DefaultJob-1\publish/" in C:\Users\monas\source\repos\MO7AMEDNAS3ER786-Assignment-4\Benchmarks\bin\Release\net10.0\Benchmarks-DefaultJob-1
// command took 0.97 sec and exited with 0
// start dotnet  build -c Release --no-restore --nodeReuse:false /p:UseSharedCompilation=false /p:Deterministic=true /p:Optimize=true /p:ArtifactsPath="C:\Users\monas\source\repos\MO7AMEDNAS3ER786-Assignment-4\Benchmarks\bin\Release\net10.0\Benchmarks-DefaultJob-1/" /p:OutDir="C:\Users\monas\source\repos\MO7AMEDNAS3ER786-Assignment-4\Benchmarks\bin\Release\net10.0\Benchmarks-DefaultJob-1\bin\Release\net10.0/" /p:OutputPath="C:\Users\monas\source\repos\MO7AMEDNAS3ER786-Assignment-4\Benchmarks\bin\Release\net10.0\Benchmarks-DefaultJob-1\bin\Release\net10.0/" /p:PublishDir="C:\Users\monas\source\repos\MO7AMEDNAS3ER786-Assignment-4\Benchmarks\bin\Release\net10.0\Benchmarks-DefaultJob-1\publish/" --output "C:\Users\monas\source\repos\MO7AMEDNAS3ER786-Assignment-4\Benchmarks\bin\Release\net10.0\Benchmarks-DefaultJob-1\bin\Release\net10.0/" in C:\Users\monas\source\repos\MO7AMEDNAS3ER786-Assignment-4\Benchmarks\bin\Release\net10.0\Benchmarks-DefaultJob-1
// command took 6.89 sec and exited with 0
// ***** Done, took 00:00:07 (7.93 sec)   *****
// Found 8 benchmarks:
//   StringBenchmark.StringConcatenation: DefaultJob [Iterations=100]
//   StringBenchmark.StringBuilderConcatenation: DefaultJob [Iterations=100]
//   StringBenchmark.StringConcatenation: DefaultJob [Iterations=1000]
//   StringBenchmark.StringBuilderConcatenation: DefaultJob [Iterations=1000]
//   StringBenchmark.StringConcatenation: DefaultJob [Iterations=10000]
//   StringBenchmark.StringBuilderConcatenation: DefaultJob [Iterations=10000]
//   StringBenchmark.StringConcatenation: DefaultJob [Iterations=100000]
//   StringBenchmark.StringBuilderConcatenation: DefaultJob [Iterations=100000]

Setup power plan (GUID: 8c5e7fda-e8bf-4a96-9a85-a6e23a8c635c FriendlyName: High performance)
// **************************
// Benchmark: StringBenchmark.StringConcatenation: DefaultJob [Iterations=100]
// *** Execute ***
// Launch: 1 / 1
// Execute: dotnet Benchmarks-DefaultJob-1.dll --anonymousPipes 1312 1304 --benchmarkName "StringBenchmark.StringConcatenation(Iterations: 100)" --job Default --benchmarkId 0 in C:\Users\monas\source\repos\MO7AMEDNAS3ER786-Assignment-4\Benchmarks\bin\Release\net10.0\Benchmarks-DefaultJob-1\bin\Release\net10.0
// BeforeAnythingElse

// Benchmark Process Environment Information:
// BenchmarkDotNet v0.15.8
// Runtime=.NET 10.0.8 (10.0.8, 10.0.826.23019), X64 RyuJIT x86-64-v3
// GC=Non-concurrent Workstation
// HardwareIntrinsics=AVX2+BMI1+BMI2+F16C+FMA+LZCNT+MOVBE,AVX,SSE3+SSSE3+SSE4.1+SSE4.2+POPCNT,X86Base+SSE+SSE2,AES+PCLMUL,AvxVnni,SERIALIZE VectorSize=256
// Job: DefaultJob

OverheadJitting  1: 1 op, 220800.00 ns, 220.8000 us/op
WorkloadJitting  1: 1 op, 537700.00 ns, 537.7000 us/op

OverheadJitting  2: 16 op, 555800.00 ns, 34.7375 us/op
WorkloadJitting  2: 16 op, 1437400.00 ns, 89.8375 us/op

WorkloadPilot    1: 16 op, 661800.00 ns, 41.3625 us/op
WorkloadPilot    2: 32 op, 1039700.00 ns, 32.4906 us/op
WorkloadPilot    3: 64 op, 2103500.00 ns, 32.8672 us/op
WorkloadPilot    4: 128 op, 2954100.00 ns, 23.0789 us/op
WorkloadPilot    5: 256 op, 5705200.00 ns, 22.2859 us/op
WorkloadPilot    6: 512 op, 7474400.00 ns, 14.5984 us/op
WorkloadPilot    7: 1024 op, 12066000.00 ns, 11.7832 us/op
WorkloadPilot    8: 2048 op, 24274400.00 ns, 11.8527 us/op
WorkloadPilot    9: 4096 op, 42081800.00 ns, 10.2739 us/op
WorkloadPilot   10: 8192 op, 61217600.00 ns, 7.4729 us/op
WorkloadPilot   11: 16384 op, 93539600.00 ns, 5.7092 us/op
WorkloadPilot   12: 32768 op, 193322800.00 ns, 5.8997 us/op
WorkloadPilot   13: 65536 op, 478485200.00 ns, 7.3011 us/op
WorkloadPilot   14: 131072 op, 829619600.00 ns, 6.3295 us/op

OverheadWarmup   1: 131072 op, 642000.00 ns, 4.8981 ns/op
OverheadWarmup   2: 131072 op, 535900.00 ns, 4.0886 ns/op
OverheadWarmup   3: 131072 op, 525200.00 ns, 4.0070 ns/op
OverheadWarmup   4: 131072 op, 525000.00 ns, 4.0054 ns/op
OverheadWarmup   5: 131072 op, 572200.00 ns, 4.3655 ns/op
OverheadWarmup   6: 131072 op, 531200.00 ns, 4.0527 ns/op
OverheadWarmup   7: 131072 op, 531600.00 ns, 4.0558 ns/op
OverheadWarmup   8: 131072 op, 540500.00 ns, 4.1237 ns/op
OverheadWarmup   9: 131072 op, 552300.00 ns, 4.2137 ns/op
OverheadWarmup  10: 131072 op, 523900.00 ns, 3.9970 ns/op

OverheadActual   1: 131072 op, 549500.00 ns, 4.1924 ns/op
OverheadActual   2: 131072 op, 537600.00 ns, 4.1016 ns/op
OverheadActual   3: 131072 op, 541300.00 ns, 4.1298 ns/op
OverheadActual   4: 131072 op, 532100.00 ns, 4.0596 ns/op
OverheadActual   5: 131072 op, 553100.00 ns, 4.2198 ns/op
OverheadActual   6: 131072 op, 531300.00 ns, 4.0535 ns/op
OverheadActual   7: 131072 op, 528000.00 ns, 4.0283 ns/op
OverheadActual   8: 131072 op, 524900.00 ns, 4.0047 ns/op
OverheadActual   9: 131072 op, 524700.00 ns, 4.0031 ns/op
OverheadActual  10: 131072 op, 527400.00 ns, 4.0237 ns/op
OverheadActual  11: 131072 op, 524700.00 ns, 4.0031 ns/op
OverheadActual  12: 131072 op, 524500.00 ns, 4.0016 ns/op
OverheadActual  13: 131072 op, 550500.00 ns, 4.2000 ns/op
OverheadActual  14: 131072 op, 523100.00 ns, 3.9909 ns/op
OverheadActual  15: 131072 op, 526400.00 ns, 4.0161 ns/op

WorkloadWarmup   1: 131072 op, 661817700.00 ns, 5.0493 us/op
WorkloadWarmup   2: 131072 op, 776178900.00 ns, 5.9218 us/op
WorkloadWarmup   3: 131072 op, 733711400.00 ns, 5.5978 us/op
WorkloadWarmup   4: 131072 op, 798772400.00 ns, 6.0941 us/op
WorkloadWarmup   5: 131072 op, 789703400.00 ns, 6.0250 us/op
WorkloadWarmup   6: 131072 op, 813178000.00 ns, 6.2041 us/op

// BeforeActualRun
WorkloadActual   1: 131072 op, 847823500.00 ns, 6.4684 us/op
WorkloadActual   2: 131072 op, 863178800.00 ns, 6.5855 us/op
WorkloadActual   3: 131072 op, 755841500.00 ns, 5.7666 us/op
WorkloadActual   4: 131072 op, 796277700.00 ns, 6.0751 us/op
WorkloadActual   5: 131072 op, 713256400.00 ns, 5.4417 us/op
WorkloadActual   6: 131072 op, 654439200.00 ns, 4.9930 us/op
WorkloadActual   7: 131072 op, 654529400.00 ns, 4.9937 us/op
WorkloadActual   8: 131072 op, 652010300.00 ns, 4.9744 us/op
WorkloadActual   9: 131072 op, 658814000.00 ns, 5.0264 us/op
WorkloadActual  10: 131072 op, 654798300.00 ns, 4.9957 us/op
WorkloadActual  11: 131072 op, 650423700.00 ns, 4.9623 us/op
WorkloadActual  12: 131072 op, 651388300.00 ns, 4.9697 us/op
WorkloadActual  13: 131072 op, 652593500.00 ns, 4.9789 us/op
WorkloadActual  14: 131072 op, 655075400.00 ns, 4.9978 us/op
WorkloadActual  15: 131072 op, 655671700.00 ns, 5.0024 us/op
WorkloadActual  16: 131072 op, 657246100.00 ns, 5.0144 us/op
WorkloadActual  17: 131072 op, 663243400.00 ns, 5.0601 us/op
WorkloadActual  18: 131072 op, 665090000.00 ns, 5.0742 us/op
WorkloadActual  19: 131072 op, 658698700.00 ns, 5.0255 us/op
WorkloadActual  20: 131072 op, 653810300.00 ns, 4.9882 us/op
WorkloadActual  21: 131072 op, 652924800.00 ns, 4.9814 us/op

// AfterActualRun
WorkloadResult   1: 131072 op, 653911200.00 ns, 4.9889 us/op
WorkloadResult   2: 131072 op, 654001400.00 ns, 4.9896 us/op
WorkloadResult   3: 131072 op, 651482300.00 ns, 4.9704 us/op
WorkloadResult   4: 131072 op, 658286000.00 ns, 5.0223 us/op
WorkloadResult   5: 131072 op, 654270300.00 ns, 4.9917 us/op
WorkloadResult   6: 131072 op, 649895700.00 ns, 4.9583 us/op
WorkloadResult   7: 131072 op, 650860300.00 ns, 4.9657 us/op
WorkloadResult   8: 131072 op, 652065500.00 ns, 4.9749 us/op
WorkloadResult   9: 131072 op, 654547400.00 ns, 4.9938 us/op
WorkloadResult  10: 131072 op, 655143700.00 ns, 4.9983 us/op
WorkloadResult  11: 131072 op, 656718100.00 ns, 5.0104 us/op
WorkloadResult  12: 131072 op, 662715400.00 ns, 5.0561 us/op
WorkloadResult  13: 131072 op, 664562000.00 ns, 5.0702 us/op
WorkloadResult  14: 131072 op, 658170700.00 ns, 5.0214 us/op
WorkloadResult  15: 131072 op, 653282300.00 ns, 4.9841 us/op
WorkloadResult  16: 131072 op, 652396800.00 ns, 4.9774 us/op
// GC:  2333 12 0 14641266688 131072
// Threading:  0 0 131072

// AfterAll
// Benchmark Process 9156 has exited with code 0.

Mean = 4.998 μs, StdErr = 0.008 μs (0.16%), N = 16, StdDev = 0.031 μs
Min = 4.958 μs, Q1 = 4.977 μs, Median = 4.991 μs, Q3 = 5.013 μs, Max = 5.070 μs
IQR = 0.036 μs, LowerFence = 4.922 μs, UpperFence = 5.068 μs
ConfidenceInterval = [4.967 μs; 5.030 μs] (CI 99.9%), Margin = 0.032 μs (0.64% of Mean)
Skewness = 0.91, Kurtosis = 2.85, MValue = 2

// ** Remained 7 (87.5%) benchmark(s) to run. Estimated finish 2026-09-15 20:04 (0h 2m from now) **
Setup power plan (GUID: 8c5e7fda-e8bf-4a96-9a85-a6e23a8c635c FriendlyName: High performance)
// **************************
// Benchmark: StringBenchmark.StringBuilderConcatenation: DefaultJob [Iterations=100]
// *** Execute ***
// Launch: 1 / 1
// Execute: dotnet Benchmarks-DefaultJob-1.dll --anonymousPipes 1472 1220 --benchmarkName "StringBenchmark.StringBuilderConcatenation(Iterations: 100)" --job Default --benchmarkId 1 in C:\Users\monas\source\repos\MO7AMEDNAS3ER786-Assignment-4\Benchmarks\bin\Release\net10.0\Benchmarks-DefaultJob-1\bin\Release\net10.0
// BeforeAnythingElse

// Benchmark Process Environment Information:
// BenchmarkDotNet v0.15.8
// Runtime=.NET 10.0.8 (10.0.8, 10.0.826.23019), X64 RyuJIT x86-64-v3
// GC=Non-concurrent Workstation
// HardwareIntrinsics=AVX2+BMI1+BMI2+F16C+FMA+LZCNT+MOVBE,AVX,SSE3+SSSE3+SSE4.1+SSE4.2+POPCNT,X86Base+SSE+SSE2,AES+PCLMUL,AvxVnni,SERIALIZE VectorSize=256
// Job: DefaultJob

OverheadJitting  1: 1 op, 184900.00 ns, 184.9000 us/op
WorkloadJitting  1: 1 op, 439800.00 ns, 439.8000 us/op

OverheadJitting  2: 16 op, 395200.00 ns, 24.7000 us/op
WorkloadJitting  2: 16 op, 462700.00 ns, 28.9188 us/op

WorkloadPilot    1: 16 op, 73700.00 ns, 4.6063 us/op
WorkloadPilot    2: 32 op, 140800.00 ns, 4.4000 us/op
WorkloadPilot    3: 64 op, 254300.00 ns, 3.9734 us/op
WorkloadPilot    4: 128 op, 555500.00 ns, 4.3398 us/op
WorkloadPilot    5: 256 op, 1136900.00 ns, 4.4410 us/op
WorkloadPilot    6: 512 op, 1974800.00 ns, 3.8570 us/op
WorkloadPilot    7: 1024 op, 3707100.00 ns, 3.6202 us/op
WorkloadPilot    8: 2048 op, 5047100.00 ns, 2.4644 us/op
WorkloadPilot    9: 4096 op, 9541200.00 ns, 2.3294 us/op
WorkloadPilot   10: 8192 op, 18158900.00 ns, 2.2167 us/op
WorkloadPilot   11: 16384 op, 37446100.00 ns, 2.2855 us/op
WorkloadPilot   12: 32768 op, 62564500.00 ns, 1.9093 us/op
WorkloadPilot   13: 65536 op, 102732000.00 ns, 1.5676 us/op
WorkloadPilot   14: 131072 op, 98230000.00 ns, 749.4354 ns/op
WorkloadPilot   15: 262144 op, 187454400.00 ns, 715.0818 ns/op
WorkloadPilot   16: 524288 op, 376426900.00 ns, 717.9773 ns/op
WorkloadPilot   17: 1048576 op, 733407200.00 ns, 699.4316 ns/op

OverheadWarmup   1: 1048576 op, 4134500.00 ns, 3.9430 ns/op
OverheadWarmup   2: 1048576 op, 4067700.00 ns, 3.8793 ns/op
OverheadWarmup   3: 1048576 op, 4255900.00 ns, 4.0587 ns/op
OverheadWarmup   4: 1048576 op, 4416600.00 ns, 4.2120 ns/op
OverheadWarmup   5: 1048576 op, 4092300.00 ns, 3.9027 ns/op
OverheadWarmup   6: 1048576 op, 4150300.00 ns, 3.9580 ns/op
OverheadWarmup   7: 1048576 op, 4244800.00 ns, 4.0482 ns/op
OverheadWarmup   8: 1048576 op, 4109000.00 ns, 3.9186 ns/op

OverheadActual   1: 1048576 op, 4139200.00 ns, 3.9474 ns/op
OverheadActual   2: 1048576 op, 4209800.00 ns, 4.0148 ns/op
OverheadActual   3: 1048576 op, 4234500.00 ns, 4.0383 ns/op
OverheadActual   4: 1048576 op, 4210600.00 ns, 4.0155 ns/op
OverheadActual   5: 1048576 op, 4286700.00 ns, 4.0881 ns/op
OverheadActual   6: 1048576 op, 4190300.00 ns, 3.9962 ns/op
OverheadActual   7: 1048576 op, 4232000.00 ns, 4.0359 ns/op
OverheadActual   8: 1048576 op, 4223900.00 ns, 4.0282 ns/op
OverheadActual   9: 1048576 op, 4175500.00 ns, 3.9821 ns/op
OverheadActual  10: 1048576 op, 4292300.00 ns, 4.0935 ns/op
OverheadActual  11: 1048576 op, 4182600.00 ns, 3.9888 ns/op
OverheadActual  12: 1048576 op, 4241200.00 ns, 4.0447 ns/op
OverheadActual  13: 1048576 op, 4318100.00 ns, 4.1181 ns/op
OverheadActual  14: 1048576 op, 4236300.00 ns, 4.0401 ns/op
OverheadActual  15: 1048576 op, 4178300.00 ns, 3.9847 ns/op

WorkloadWarmup   1: 1048576 op, 717535100.00 ns, 684.2948 ns/op
WorkloadWarmup   2: 1048576 op, 725617000.00 ns, 692.0023 ns/op
WorkloadWarmup   3: 1048576 op, 717899300.00 ns, 684.6421 ns/op
WorkloadWarmup   4: 1048576 op, 722820100.00 ns, 689.3350 ns/op
WorkloadWarmup   5: 1048576 op, 719369000.00 ns, 686.0437 ns/op
WorkloadWarmup   6: 1048576 op, 715535200.00 ns, 682.3875 ns/op

// BeforeActualRun
WorkloadActual   1: 1048576 op, 718431100.00 ns, 685.1493 ns/op
WorkloadActual   2: 1048576 op, 749827300.00 ns, 715.0910 ns/op
WorkloadActual   3: 1048576 op, 712368600.00 ns, 679.3676 ns/op
WorkloadActual   4: 1048576 op, 728151500.00 ns, 694.4194 ns/op
WorkloadActual   5: 1048576 op, 715221600.00 ns, 682.0885 ns/op
WorkloadActual   6: 1048576 op, 716890500.00 ns, 683.6801 ns/op
WorkloadActual   7: 1048576 op, 746535500.00 ns, 711.9517 ns/op
WorkloadActual   8: 1048576 op, 725590300.00 ns, 691.9768 ns/op
WorkloadActual   9: 1048576 op, 721657600.00 ns, 688.2263 ns/op
WorkloadActual  10: 1048576 op, 714726200.00 ns, 681.6160 ns/op
WorkloadActual  11: 1048576 op, 736340300.00 ns, 702.2288 ns/op
WorkloadActual  12: 1048576 op, 714158300.00 ns, 681.0744 ns/op
WorkloadActual  13: 1048576 op, 720592900.00 ns, 687.2109 ns/op
WorkloadActual  14: 1048576 op, 719721500.00 ns, 686.3799 ns/op
WorkloadActual  15: 1048576 op, 713850200.00 ns, 680.7806 ns/op

// AfterActualRun
WorkloadResult   1: 1048576 op, 714207200.00 ns, 681.1211 ns/op
WorkloadResult   2: 1048576 op, 708144700.00 ns, 675.3394 ns/op
WorkloadResult   3: 1048576 op, 723927600.00 ns, 690.3912 ns/op
WorkloadResult   4: 1048576 op, 710997700.00 ns, 678.0602 ns/op
WorkloadResult   5: 1048576 op, 712666600.00 ns, 679.6518 ns/op
WorkloadResult   6: 1048576 op, 721366400.00 ns, 687.9486 ns/op
WorkloadResult   7: 1048576 op, 717433700.00 ns, 684.1981 ns/op
WorkloadResult   8: 1048576 op, 710502300.00 ns, 677.5878 ns/op
WorkloadResult   9: 1048576 op, 732116400.00 ns, 698.2006 ns/op
WorkloadResult  10: 1048576 op, 709934400.00 ns, 677.0462 ns/op
WorkloadResult  11: 1048576 op, 716369000.00 ns, 683.1827 ns/op
WorkloadResult  12: 1048576 op, 715497600.00 ns, 682.3517 ns/op
WorkloadResult  13: 1048576 op, 709626300.00 ns, 676.7524 ns/op
// GC:  1149 20 0 7214202880 1048576
// Threading:  0 0 1048576

// AfterAll
// Benchmark Process 28200 has exited with code 0.

Mean = 682.449 ns, StdErr = 1.808 ns (0.26%), N = 13, StdDev = 6.517 ns
Min = 675.339 ns, Q1 = 677.588 ns, Median = 681.121 ns, Q3 = 684.198 ns, Max = 698.201 ns
IQR = 6.610 ns, LowerFence = 667.672 ns, UpperFence = 694.114 ns
ConfidenceInterval = [674.644 ns; 690.253 ns] (CI 99.9%), Margin = 7.805 ns (1.14% of Mean)
Skewness = 1.02, Kurtosis = 3.07, MValue = 2

// ** Remained 6 (75.0%) benchmark(s) to run. Estimated finish 2026-09-15 20:04 (0h 2m from now) **
Setup power plan (GUID: 8c5e7fda-e8bf-4a96-9a85-a6e23a8c635c FriendlyName: High performance)
// **************************
// Benchmark: StringBenchmark.StringConcatenation: DefaultJob [Iterations=1000]
// *** Execute ***
// Launch: 1 / 1
// Execute: dotnet Benchmarks-DefaultJob-1.dll --anonymousPipes 1496 652 --benchmarkName "StringBenchmark.StringConcatenation(Iterations: 1000)" --job Default --benchmarkId 2 in C:\Users\monas\source\repos\MO7AMEDNAS3ER786-Assignment-4\Benchmarks\bin\Release\net10.0\Benchmarks-DefaultJob-1\bin\Release\net10.0
// BeforeAnythingElse

// Benchmark Process Environment Information:
// BenchmarkDotNet v0.15.8
// Runtime=.NET 10.0.8 (10.0.8, 10.0.826.23019), X64 RyuJIT x86-64-v3
// GC=Non-concurrent Workstation
// HardwareIntrinsics=AVX2+BMI1+BMI2+F16C+FMA+LZCNT+MOVBE,AVX,SSE3+SSSE3+SSE4.1+SSE4.2+POPCNT,X86Base+SSE+SSE2,AES+PCLMUL,AvxVnni,SERIALIZE VectorSize=256
// Job: DefaultJob

OverheadJitting  1: 1 op, 191400.00 ns, 191.4000 us/op
WorkloadJitting  1: 1 op, 2999200.00 ns, 2.9992 ms/op

OverheadJitting  2: 16 op, 422900.00 ns, 26.4313 us/op
WorkloadJitting  2: 16 op, 13758800.00 ns, 859.9250 us/op

WorkloadPilot    1: 16 op, 10084200.00 ns, 630.2625 us/op
WorkloadPilot    2: 32 op, 18025300.00 ns, 563.2906 us/op
WorkloadPilot    3: 64 op, 34559200.00 ns, 539.9875 us/op
WorkloadPilot    4: 128 op, 66766900.00 ns, 521.6164 us/op
WorkloadPilot    5: 256 op, 128496200.00 ns, 501.9383 us/op
WorkloadPilot    6: 512 op, 252708000.00 ns, 493.5703 us/op
WorkloadPilot    7: 1024 op, 512074000.00 ns, 500.0723 us/op

OverheadWarmup   1: 1024 op, 63000.00 ns, 61.5234 ns/op
OverheadWarmup   2: 1024 op, 4700.00 ns, 4.5898 ns/op
OverheadWarmup   3: 1024 op, 4700.00 ns, 4.5898 ns/op
OverheadWarmup   4: 1024 op, 6400.00 ns, 6.2500 ns/op
OverheadWarmup   5: 1024 op, 5400.00 ns, 5.2734 ns/op
OverheadWarmup   6: 1024 op, 4700.00 ns, 4.5898 ns/op
OverheadWarmup   7: 1024 op, 4500.00 ns, 4.3945 ns/op
OverheadWarmup   8: 1024 op, 4700.00 ns, 4.5898 ns/op

OverheadActual   1: 1024 op, 5000.00 ns, 4.8828 ns/op
OverheadActual   2: 1024 op, 5000.00 ns, 4.8828 ns/op
OverheadActual   3: 1024 op, 4800.00 ns, 4.6875 ns/op
OverheadActual   4: 1024 op, 4900.00 ns, 4.7852 ns/op
OverheadActual   5: 1024 op, 4800.00 ns, 4.6875 ns/op
OverheadActual   6: 1024 op, 4800.00 ns, 4.6875 ns/op
OverheadActual   7: 1024 op, 4500.00 ns, 4.3945 ns/op
OverheadActual   8: 1024 op, 4500.00 ns, 4.3945 ns/op
OverheadActual   9: 1024 op, 5000.00 ns, 4.8828 ns/op
OverheadActual  10: 1024 op, 4700.00 ns, 4.5898 ns/op
OverheadActual  11: 1024 op, 4800.00 ns, 4.6875 ns/op
OverheadActual  12: 1024 op, 4700.00 ns, 4.5898 ns/op
OverheadActual  13: 1024 op, 4500.00 ns, 4.3945 ns/op
OverheadActual  14: 1024 op, 5300.00 ns, 5.1758 ns/op
OverheadActual  15: 1024 op, 4600.00 ns, 4.4922 ns/op
OverheadActual  16: 1024 op, 4700.00 ns, 4.5898 ns/op

WorkloadWarmup   1: 1024 op, 505518900.00 ns, 493.6708 us/op
WorkloadWarmup   2: 1024 op, 508440800.00 ns, 496.5242 us/op
WorkloadWarmup   3: 1024 op, 511781600.00 ns, 499.7867 us/op
WorkloadWarmup   4: 1024 op, 509428900.00 ns, 497.4892 us/op
WorkloadWarmup   5: 1024 op, 513967900.00 ns, 501.9218 us/op
WorkloadWarmup   6: 1024 op, 511194300.00 ns, 499.2132 us/op

// BeforeActualRun
WorkloadActual   1: 1024 op, 501050200.00 ns, 489.3068 us/op
WorkloadActual   2: 1024 op, 488535700.00 ns, 477.0856 us/op
WorkloadActual   3: 1024 op, 492829800.00 ns, 481.2791 us/op
WorkloadActual   4: 1024 op, 486495000.00 ns, 475.0928 us/op
WorkloadActual   5: 1024 op, 490780000.00 ns, 479.2773 us/op
WorkloadActual   6: 1024 op, 487416400.00 ns, 475.9926 us/op
WorkloadActual   7: 1024 op, 488790000.00 ns, 477.3340 us/op
WorkloadActual   8: 1024 op, 488710300.00 ns, 477.2562 us/op
WorkloadActual   9: 1024 op, 487441500.00 ns, 476.0171 us/op
WorkloadActual  10: 1024 op, 487879300.00 ns, 476.4446 us/op
WorkloadActual  11: 1024 op, 491422500.00 ns, 479.9048 us/op
WorkloadActual  12: 1024 op, 491605100.00 ns, 480.0831 us/op
WorkloadActual  13: 1024 op, 488182500.00 ns, 476.7407 us/op
WorkloadActual  14: 1024 op, 487591900.00 ns, 476.1640 us/op
WorkloadActual  15: 1024 op, 489971600.00 ns, 478.4879 us/op

// AfterActualRun
WorkloadResult   1: 1024 op, 488530900.00 ns, 477.0810 us/op
WorkloadResult   2: 1024 op, 492825000.00 ns, 481.2744 us/op
WorkloadResult   3: 1024 op, 486490200.00 ns, 475.0881 us/op
WorkloadResult   4: 1024 op, 490775200.00 ns, 479.2727 us/op
WorkloadResult   5: 1024 op, 487411600.00 ns, 475.9879 us/op
WorkloadResult   6: 1024 op, 488785200.00 ns, 477.3293 us/op
WorkloadResult   7: 1024 op, 488705500.00 ns, 477.2515 us/op
WorkloadResult   8: 1024 op, 487436700.00 ns, 476.0124 us/op
WorkloadResult   9: 1024 op, 487874500.00 ns, 476.4399 us/op
WorkloadResult  10: 1024 op, 491417700.00 ns, 479.9001 us/op
WorkloadResult  11: 1024 op, 491600300.00 ns, 480.0784 us/op
WorkloadResult  12: 1024 op, 488177700.00 ns, 476.7360 us/op
WorkloadResult  13: 1024 op, 487587100.00 ns, 476.1593 us/op
WorkloadResult  14: 1024 op, 489966800.00 ns, 478.4832 us/op
// GC:  1932 113 0 12136554496 1024
// Threading:  0 0 1024

// AfterAll
// Benchmark Process 28524 has exited with code 0.

Mean = 477.650 μs, StdErr = 0.495 μs (0.10%), N = 14, StdDev = 1.851 μs
Min = 475.088 μs, Q1 = 476.229 μs, Median = 477.166 μs, Q3 = 479.075 μs, Max = 481.274 μs
IQR = 2.846 μs, LowerFence = 471.961 μs, UpperFence = 483.344 μs
ConfidenceInterval = [475.562 μs; 479.738 μs] (CI 99.9%), Margin = 2.088 μs (0.44% of Mean)
Skewness = 0.52, Kurtosis = 1.86, MValue = 2

// ** Remained 5 (62.5%) benchmark(s) to run. Estimated finish 2026-09-15 20:04 (0h 1m from now) **
Setup power plan (GUID: 8c5e7fda-e8bf-4a96-9a85-a6e23a8c635c FriendlyName: High performance)
// **************************
// Benchmark: StringBenchmark.StringBuilderConcatenation: DefaultJob [Iterations=1000]
// *** Execute ***
// Launch: 1 / 1
// Execute: dotnet Benchmarks-DefaultJob-1.dll --anonymousPipes 1536 1528 --benchmarkName "StringBenchmark.StringBuilderConcatenation(Iterations: 1000)" --job Default --benchmarkId 3 in C:\Users\monas\source\repos\MO7AMEDNAS3ER786-Assignment-4\Benchmarks\bin\Release\net10.0\Benchmarks-DefaultJob-1\bin\Release\net10.0
// BeforeAnythingElse

// Benchmark Process Environment Information:
// BenchmarkDotNet v0.15.8
// Runtime=.NET 10.0.8 (10.0.8, 10.0.826.23019), X64 RyuJIT x86-64-v3
// GC=Non-concurrent Workstation
// HardwareIntrinsics=AVX2+BMI1+BMI2+F16C+FMA+LZCNT+MOVBE,AVX,SSE3+SSSE3+SSE4.1+SSE4.2+POPCNT,X86Base+SSE+SSE2,AES+PCLMUL,AvxVnni,SERIALIZE VectorSize=256
// Job: DefaultJob

OverheadJitting  1: 1 op, 189600.00 ns, 189.6000 us/op
WorkloadJitting  1: 1 op, 404500.00 ns, 404.5000 us/op

OverheadJitting  2: 16 op, 428300.00 ns, 26.7688 us/op
WorkloadJitting  2: 16 op, 4633000.00 ns, 289.5625 us/op

WorkloadPilot    1: 16 op, 536800.00 ns, 33.5500 us/op
WorkloadPilot    2: 32 op, 966200.00 ns, 30.1938 us/op
WorkloadPilot    3: 64 op, 2300900.00 ns, 35.9516 us/op
WorkloadPilot    4: 128 op, 4694300.00 ns, 36.6742 us/op
WorkloadPilot    5: 256 op, 5384200.00 ns, 21.0320 us/op
WorkloadPilot    6: 512 op, 10972300.00 ns, 21.4303 us/op
WorkloadPilot    7: 1024 op, 20271700.00 ns, 19.7966 us/op
WorkloadPilot    8: 2048 op, 37204600.00 ns, 18.1663 us/op
WorkloadPilot    9: 4096 op, 64357000.00 ns, 15.7122 us/op
WorkloadPilot   10: 8192 op, 103483100.00 ns, 12.6322 us/op
WorkloadPilot   11: 16384 op, 120200800.00 ns, 7.3365 us/op
WorkloadPilot   12: 32768 op, 180173900.00 ns, 5.4985 us/op
WorkloadPilot   13: 65536 op, 359180600.00 ns, 5.4807 us/op
WorkloadPilot   14: 131072 op, 707081200.00 ns, 5.3946 us/op

OverheadWarmup   1: 131072 op, 555400.00 ns, 4.2374 ns/op
OverheadWarmup   2: 131072 op, 543700.00 ns, 4.1481 ns/op
OverheadWarmup   3: 131072 op, 531700.00 ns, 4.0565 ns/op
OverheadWarmup   4: 131072 op, 535400.00 ns, 4.0848 ns/op
OverheadWarmup   5: 131072 op, 548100.00 ns, 4.1817 ns/op
OverheadWarmup   6: 131072 op, 545700.00 ns, 4.1634 ns/op
OverheadWarmup   7: 131072 op, 530400.00 ns, 4.0466 ns/op
OverheadWarmup   8: 131072 op, 526600.00 ns, 4.0176 ns/op
OverheadWarmup   9: 131072 op, 533100.00 ns, 4.0672 ns/op
OverheadWarmup  10: 131072 op, 540500.00 ns, 4.1237 ns/op

OverheadActual   1: 131072 op, 531400.00 ns, 4.0543 ns/op
OverheadActual   2: 131072 op, 542300.00 ns, 4.1374 ns/op
OverheadActual   3: 131072 op, 542800.00 ns, 4.1412 ns/op
OverheadActual   4: 131072 op, 537100.00 ns, 4.0977 ns/op
OverheadActual   5: 131072 op, 544700.00 ns, 4.1557 ns/op
OverheadActual   6: 131072 op, 543500.00 ns, 4.1466 ns/op
OverheadActual   7: 131072 op, 547400.00 ns, 4.1763 ns/op
OverheadActual   8: 131072 op, 625800.00 ns, 4.7745 ns/op
OverheadActual   9: 131072 op, 539600.00 ns, 4.1168 ns/op
OverheadActual  10: 131072 op, 526500.00 ns, 4.0169 ns/op
OverheadActual  11: 131072 op, 523000.00 ns, 3.9902 ns/op
OverheadActual  12: 131072 op, 545500.00 ns, 4.1618 ns/op
OverheadActual  13: 131072 op, 538900.00 ns, 4.1115 ns/op
OverheadActual  14: 131072 op, 524400.00 ns, 4.0009 ns/op
OverheadActual  15: 131072 op, 670900.00 ns, 5.1186 ns/op

WorkloadWarmup   1: 131072 op, 718863400.00 ns, 5.4845 us/op
WorkloadWarmup   2: 131072 op, 722721400.00 ns, 5.5139 us/op
WorkloadWarmup   3: 131072 op, 720755200.00 ns, 5.4989 us/op
WorkloadWarmup   4: 131072 op, 718048000.00 ns, 5.4783 us/op
WorkloadWarmup   5: 131072 op, 717988700.00 ns, 5.4778 us/op
WorkloadWarmup   6: 131072 op, 721276600.00 ns, 5.5029 us/op
WorkloadWarmup   7: 131072 op, 717228600.00 ns, 5.4720 us/op

// BeforeActualRun
WorkloadActual   1: 131072 op, 732130200.00 ns, 5.5857 us/op
WorkloadActual   2: 131072 op, 805895600.00 ns, 6.1485 us/op
WorkloadActual   3: 131072 op, 891449800.00 ns, 6.8012 us/op
WorkloadActual   4: 131072 op, 821228900.00 ns, 6.2655 us/op
WorkloadActual   5: 131072 op, 782668500.00 ns, 5.9713 us/op
WorkloadActual   6: 131072 op, 726098700.00 ns, 5.5397 us/op
WorkloadActual   7: 131072 op, 731888600.00 ns, 5.5839 us/op
WorkloadActual   8: 131072 op, 730221000.00 ns, 5.5711 us/op
WorkloadActual   9: 131072 op, 730116300.00 ns, 5.5703 us/op
WorkloadActual  10: 131072 op, 721438900.00 ns, 5.5041 us/op
WorkloadActual  11: 131072 op, 729085700.00 ns, 5.5625 us/op
WorkloadActual  12: 131072 op, 721324600.00 ns, 5.5033 us/op
WorkloadActual  13: 131072 op, 721537000.00 ns, 5.5049 us/op
WorkloadActual  14: 131072 op, 718530700.00 ns, 5.4820 us/op
WorkloadActual  15: 131072 op, 721508300.00 ns, 5.5047 us/op
WorkloadActual  16: 131072 op, 724752300.00 ns, 5.5294 us/op
WorkloadActual  17: 131072 op, 722989900.00 ns, 5.5160 us/op

// AfterActualRun
WorkloadResult   1: 131072 op, 731587900.00 ns, 5.5816 us/op
WorkloadResult   2: 131072 op, 725556400.00 ns, 5.5356 us/op
WorkloadResult   3: 131072 op, 731346300.00 ns, 5.5797 us/op
WorkloadResult   4: 131072 op, 729678700.00 ns, 5.5670 us/op
WorkloadResult   5: 131072 op, 729574000.00 ns, 5.5662 us/op
WorkloadResult   6: 131072 op, 720896600.00 ns, 5.5000 us/op
WorkloadResult   7: 131072 op, 728543400.00 ns, 5.5583 us/op
WorkloadResult   8: 131072 op, 720782300.00 ns, 5.4991 us/op
WorkloadResult   9: 131072 op, 720994700.00 ns, 5.5008 us/op
WorkloadResult  10: 131072 op, 717988400.00 ns, 5.4778 us/op
WorkloadResult  11: 131072 op, 720966000.00 ns, 5.5005 us/op
WorkloadResult  12: 131072 op, 724210000.00 ns, 5.5253 us/op
WorkloadResult  13: 131072 op, 722447600.00 ns, 5.5118 us/op
// GC:  1191 132 0 7473201152 131072
// Threading:  0 0 131072

// AfterAll
// Benchmark Process 13744 has exited with code 0.

Mean = 5.531 μs, StdErr = 0.010 μs (0.18%), N = 13, StdDev = 0.036 μs
Min = 5.478 μs, Q1 = 5.501 μs, Median = 5.525 μs, Q3 = 5.566 μs, Max = 5.582 μs
IQR = 0.066 μs, LowerFence = 5.402 μs, UpperFence = 5.665 μs
ConfidenceInterval = [5.488 μs; 5.574 μs] (CI 99.9%), Margin = 0.043 μs (0.77% of Mean)
Skewness = 0.13, Kurtosis = 1.31, MValue = 2

// ** Remained 4 (50.0%) benchmark(s) to run. Estimated finish 2026-09-15 20:04 (0h 1m from now) **
Setup power plan (GUID: 8c5e7fda-e8bf-4a96-9a85-a6e23a8c635c FriendlyName: High performance)
// **************************
// Benchmark: StringBenchmark.StringConcatenation: DefaultJob [Iterations=10000]
// *** Execute ***
// Launch: 1 / 1
// Execute: dotnet Benchmarks-DefaultJob-1.dll --anonymousPipes 1312 1304 --benchmarkName "StringBenchmark.StringConcatenation(Iterations: 10000)" --job Default --benchmarkId 4 in C:\Users\monas\source\repos\MO7AMEDNAS3ER786-Assignment-4\Benchmarks\bin\Release\net10.0\Benchmarks-DefaultJob-1\bin\Release\net10.0
// BeforeAnythingElse

// Benchmark Process Environment Information:
// BenchmarkDotNet v0.15.8
// Runtime=.NET 10.0.8 (10.0.8, 10.0.826.23019), X64 RyuJIT x86-64-v3
// GC=Non-concurrent Workstation
// HardwareIntrinsics=AVX2+BMI1+BMI2+F16C+FMA+LZCNT+MOVBE,AVX,SSE3+SSSE3+SSE4.1+SSE4.2+POPCNT,X86Base+SSE+SSE2,AES+PCLMUL,AvxVnni,SERIALIZE VectorSize=256
// Job: DefaultJob

OverheadJitting  1: 1 op, 189300.00 ns, 189.3000 us/op
WorkloadJitting  1: 1 op, 86853900.00 ns, 86.8539 ms/op

WorkloadPilot    1: 2 op, 166032900.00 ns, 83.0165 ms/op
WorkloadPilot    2: 3 op, 279332600.00 ns, 93.1109 ms/op
WorkloadPilot    3: 4 op, 325548100.00 ns, 81.3870 ms/op
WorkloadPilot    4: 5 op, 409878300.00 ns, 81.9757 ms/op
WorkloadPilot    5: 6 op, 489720900.00 ns, 81.6202 ms/op
WorkloadPilot    6: 7 op, 570883800.00 ns, 81.5548 ms/op

WorkloadWarmup   1: 7 op, 610872200.00 ns, 87.2675 ms/op
WorkloadWarmup   2: 7 op, 653610100.00 ns, 93.3729 ms/op
WorkloadWarmup   3: 7 op, 588425100.00 ns, 84.0607 ms/op
WorkloadWarmup   4: 7 op, 613101600.00 ns, 87.5859 ms/op
WorkloadWarmup   5: 7 op, 617853400.00 ns, 88.2648 ms/op
WorkloadWarmup   6: 7 op, 592609100.00 ns, 84.6584 ms/op

// BeforeActualRun
WorkloadActual   1: 7 op, 597692100.00 ns, 85.3846 ms/op
WorkloadActual   2: 7 op, 591996100.00 ns, 84.5709 ms/op
WorkloadActual   3: 7 op, 606755100.00 ns, 86.6793 ms/op
WorkloadActual   4: 7 op, 590845300.00 ns, 84.4065 ms/op
WorkloadActual   5: 7 op, 605424000.00 ns, 86.4891 ms/op
WorkloadActual   6: 7 op, 607931800.00 ns, 86.8474 ms/op
WorkloadActual   7: 7 op, 610840600.00 ns, 87.2629 ms/op
WorkloadActual   8: 7 op, 626841400.00 ns, 89.5488 ms/op
WorkloadActual   9: 7 op, 601081400.00 ns, 85.8688 ms/op
WorkloadActual  10: 7 op, 608344000.00 ns, 86.9063 ms/op
WorkloadActual  11: 7 op, 616481000.00 ns, 88.0687 ms/op
WorkloadActual  12: 7 op, 627296700.00 ns, 89.6138 ms/op
WorkloadActual  13: 7 op, 580205100.00 ns, 82.8864 ms/op
WorkloadActual  14: 7 op, 577840600.00 ns, 82.5487 ms/op
WorkloadActual  15: 7 op, 567162200.00 ns, 81.0232 ms/op
WorkloadActual  16: 7 op, 578995700.00 ns, 82.7137 ms/op
WorkloadActual  17: 7 op, 574697400.00 ns, 82.0996 ms/op
WorkloadActual  18: 7 op, 569139200.00 ns, 81.3056 ms/op
WorkloadActual  19: 7 op, 579253600.00 ns, 82.7505 ms/op
WorkloadActual  20: 7 op, 582966000.00 ns, 83.2809 ms/op
WorkloadActual  21: 7 op, 575604900.00 ns, 82.2293 ms/op
WorkloadActual  22: 7 op, 576050100.00 ns, 82.2929 ms/op
WorkloadActual  23: 7 op, 585316200.00 ns, 83.6166 ms/op
WorkloadActual  24: 7 op, 569858300.00 ns, 81.4083 ms/op
WorkloadActual  25: 7 op, 583061200.00 ns, 83.2945 ms/op
WorkloadActual  26: 7 op, 575124700.00 ns, 82.1607 ms/op
WorkloadActual  27: 7 op, 578104000.00 ns, 82.5863 ms/op
WorkloadActual  28: 7 op, 575141000.00 ns, 82.1630 ms/op
WorkloadActual  29: 7 op, 572291100.00 ns, 81.7559 ms/op
WorkloadActual  30: 7 op, 573614300.00 ns, 81.9449 ms/op

// AfterActualRun
WorkloadResult   1: 7 op, 597692100.00 ns, 85.3846 ms/op
WorkloadResult   2: 7 op, 591996100.00 ns, 84.5709 ms/op
WorkloadResult   3: 7 op, 606755100.00 ns, 86.6793 ms/op
WorkloadResult   4: 7 op, 590845300.00 ns, 84.4065 ms/op
WorkloadResult   5: 7 op, 605424000.00 ns, 86.4891 ms/op
WorkloadResult   6: 7 op, 607931800.00 ns, 86.8474 ms/op
WorkloadResult   7: 7 op, 610840600.00 ns, 87.2629 ms/op
WorkloadResult   8: 7 op, 626841400.00 ns, 89.5488 ms/op
WorkloadResult   9: 7 op, 601081400.00 ns, 85.8688 ms/op
WorkloadResult  10: 7 op, 608344000.00 ns, 86.9063 ms/op
WorkloadResult  11: 7 op, 616481000.00 ns, 88.0687 ms/op
WorkloadResult  12: 7 op, 627296700.00 ns, 89.6138 ms/op
WorkloadResult  13: 7 op, 580205100.00 ns, 82.8864 ms/op
WorkloadResult  14: 7 op, 577840600.00 ns, 82.5487 ms/op
WorkloadResult  15: 7 op, 567162200.00 ns, 81.0232 ms/op
WorkloadResult  16: 7 op, 578995700.00 ns, 82.7137 ms/op
WorkloadResult  17: 7 op, 574697400.00 ns, 82.0996 ms/op
WorkloadResult  18: 7 op, 569139200.00 ns, 81.3056 ms/op
WorkloadResult  19: 7 op, 579253600.00 ns, 82.7505 ms/op
WorkloadResult  20: 7 op, 582966000.00 ns, 83.2809 ms/op
WorkloadResult  21: 7 op, 575604900.00 ns, 82.2293 ms/op
WorkloadResult  22: 7 op, 576050100.00 ns, 82.2929 ms/op
WorkloadResult  23: 7 op, 585316200.00 ns, 83.6166 ms/op
WorkloadResult  24: 7 op, 569858300.00 ns, 81.4083 ms/op
WorkloadResult  25: 7 op, 583061200.00 ns, 83.2945 ms/op
WorkloadResult  26: 7 op, 575124700.00 ns, 82.1607 ms/op
WorkloadResult  27: 7 op, 578104000.00 ns, 82.5863 ms/op
WorkloadResult  28: 7 op, 575141000.00 ns, 82.1630 ms/op
WorkloadResult  29: 7 op, 572291100.00 ns, 81.7559 ms/op
WorkloadResult  30: 7 op, 573614300.00 ns, 81.9449 ms/op
// GC:  2617 2491 2463 8957341624 7
// Threading:  0 0 7

// AfterAll
// Benchmark Process 28116 has exited with code 0.

Mean = 84.124 ms, StdErr = 0.459 ms (0.55%), N = 30, StdDev = 2.513 ms
Min = 81.023 ms, Q1 = 82.180 ms, Median = 83.084 ms, Q3 = 86.334 ms, Max = 89.614 ms
IQR = 4.154 ms, LowerFence = 75.948 ms, UpperFence = 92.566 ms
ConfidenceInterval = [82.445 ms; 85.802 ms] (CI 99.9%), Margin = 1.679 ms (2.00% of Mean)
Skewness = 0.73, Kurtosis = 2.23, MValue = 2.47

// ** Remained 3 (37.5%) benchmark(s) to run. Estimated finish 2026-09-15 20:04 (0h 0m from now) **
Setup power plan (GUID: 8c5e7fda-e8bf-4a96-9a85-a6e23a8c635c FriendlyName: High performance)
// **************************
// Benchmark: StringBenchmark.StringBuilderConcatenation: DefaultJob [Iterations=10000]
// *** Execute ***
// Launch: 1 / 1
// Execute: dotnet Benchmarks-DefaultJob-1.dll --anonymousPipes 1556 1452 --benchmarkName "StringBenchmark.StringBuilderConcatenation(Iterations: 10000)" --job Default --benchmarkId 5 in C:\Users\monas\source\repos\MO7AMEDNAS3ER786-Assignment-4\Benchmarks\bin\Release\net10.0\Benchmarks-DefaultJob-1\bin\Release\net10.0
// BeforeAnythingElse

// Benchmark Process Environment Information:
// BenchmarkDotNet v0.15.8
// Runtime=.NET 10.0.8 (10.0.8, 10.0.826.23019), X64 RyuJIT x86-64-v3
// GC=Non-concurrent Workstation
// HardwareIntrinsics=AVX2+BMI1+BMI2+F16C+FMA+LZCNT+MOVBE,AVX,SSE3+SSSE3+SSE4.1+SSE4.2+POPCNT,X86Base+SSE+SSE2,AES+PCLMUL,AvxVnni,SERIALIZE VectorSize=256
// Job: DefaultJob

OverheadJitting  1: 1 op, 187500.00 ns, 187.5000 us/op
WorkloadJitting  1: 1 op, 3708700.00 ns, 3.7087 ms/op

OverheadJitting  2: 16 op, 503700.00 ns, 31.4813 us/op
WorkloadJitting  2: 16 op, 4693600.00 ns, 293.3500 us/op

WorkloadPilot    1: 16 op, 3807900.00 ns, 237.9938 us/op
WorkloadPilot    2: 32 op, 7286300.00 ns, 227.6969 us/op
WorkloadPilot    3: 64 op, 12165000.00 ns, 190.0781 us/op
WorkloadPilot    4: 128 op, 23374700.00 ns, 182.6148 us/op
WorkloadPilot    5: 256 op, 44071200.00 ns, 172.1531 us/op
WorkloadPilot    6: 512 op, 85448900.00 ns, 166.8924 us/op
WorkloadPilot    7: 1024 op, 175828600.00 ns, 171.7076 us/op
WorkloadPilot    8: 2048 op, 370016600.00 ns, 180.6722 us/op
WorkloadPilot    9: 4096 op, 653024800.00 ns, 159.4299 us/op

OverheadWarmup   1: 4096 op, 19000.00 ns, 4.6387 ns/op
OverheadWarmup   2: 4096 op, 17700.00 ns, 4.3213 ns/op
OverheadWarmup   3: 4096 op, 17400.00 ns, 4.2480 ns/op
OverheadWarmup   4: 4096 op, 16900.00 ns, 4.1260 ns/op
OverheadWarmup   5: 4096 op, 17600.00 ns, 4.2969 ns/op
OverheadWarmup   6: 4096 op, 17700.00 ns, 4.3213 ns/op
OverheadWarmup   7: 4096 op, 16800.00 ns, 4.1016 ns/op
OverheadWarmup   8: 4096 op, 17400.00 ns, 4.2480 ns/op
OverheadWarmup   9: 4096 op, 17700.00 ns, 4.3213 ns/op
OverheadWarmup  10: 4096 op, 18200.00 ns, 4.4434 ns/op

OverheadActual   1: 4096 op, 19000.00 ns, 4.6387 ns/op
OverheadActual   2: 4096 op, 17000.00 ns, 4.1504 ns/op
OverheadActual   3: 4096 op, 17800.00 ns, 4.3457 ns/op
OverheadActual   4: 4096 op, 17600.00 ns, 4.2969 ns/op
OverheadActual   5: 4096 op, 17700.00 ns, 4.3213 ns/op
OverheadActual   6: 4096 op, 17600.00 ns, 4.2969 ns/op
OverheadActual   7: 4096 op, 18200.00 ns, 4.4434 ns/op
OverheadActual   8: 4096 op, 16900.00 ns, 4.1260 ns/op
OverheadActual   9: 4096 op, 17600.00 ns, 4.2969 ns/op
OverheadActual  10: 4096 op, 17700.00 ns, 4.3213 ns/op
OverheadActual  11: 4096 op, 16700.00 ns, 4.0771 ns/op
OverheadActual  12: 4096 op, 18500.00 ns, 4.5166 ns/op
OverheadActual  13: 4096 op, 17600.00 ns, 4.2969 ns/op
OverheadActual  14: 4096 op, 17200.00 ns, 4.1992 ns/op
OverheadActual  15: 4096 op, 17600.00 ns, 4.2969 ns/op

WorkloadWarmup   1: 4096 op, 678605100.00 ns, 165.6751 us/op
WorkloadWarmup   2: 4096 op, 662420300.00 ns, 161.7237 us/op
WorkloadWarmup   3: 4096 op, 655673400.00 ns, 160.0765 us/op
WorkloadWarmup   4: 4096 op, 614698000.00 ns, 150.0728 us/op
WorkloadWarmup   5: 4096 op, 579566700.00 ns, 141.4958 us/op
WorkloadWarmup   6: 4096 op, 586040400.00 ns, 143.0763 us/op
WorkloadWarmup   7: 4096 op, 579161600.00 ns, 141.3969 us/op
WorkloadWarmup   8: 4096 op, 574248800.00 ns, 140.1975 us/op
WorkloadWarmup   9: 4096 op, 582401000.00 ns, 142.1877 us/op
WorkloadWarmup  10: 4096 op, 577011700.00 ns, 140.8720 us/op

// BeforeActualRun
WorkloadActual   1: 4096 op, 581600200.00 ns, 141.9922 us/op
WorkloadActual   2: 4096 op, 577899100.00 ns, 141.0886 us/op
WorkloadActual   3: 4096 op, 576606900.00 ns, 140.7732 us/op
WorkloadActual   4: 4096 op, 574599900.00 ns, 140.2832 us/op
WorkloadActual   5: 4096 op, 575850200.00 ns, 140.5884 us/op
WorkloadActual   6: 4096 op, 584614400.00 ns, 142.7281 us/op
WorkloadActual   7: 4096 op, 580437700.00 ns, 141.7084 us/op
WorkloadActual   8: 4096 op, 577245000.00 ns, 140.9290 us/op
WorkloadActual   9: 4096 op, 579748400.00 ns, 141.5401 us/op
WorkloadActual  10: 4096 op, 596969800.00 ns, 145.7446 us/op
WorkloadActual  11: 4096 op, 574247100.00 ns, 140.1970 us/op
WorkloadActual  12: 4096 op, 579441600.00 ns, 141.4652 us/op
WorkloadActual  13: 4096 op, 581505800.00 ns, 141.9692 us/op
WorkloadActual  14: 4096 op, 597289900.00 ns, 145.8227 us/op
WorkloadActual  15: 4096 op, 629243100.00 ns, 153.6238 us/op

// AfterActualRun
WorkloadResult   1: 4096 op, 581582600.00 ns, 141.9879 us/op
WorkloadResult   2: 4096 op, 577881500.00 ns, 141.0844 us/op
WorkloadResult   3: 4096 op, 576589300.00 ns, 140.7689 us/op
WorkloadResult   4: 4096 op, 574582300.00 ns, 140.2789 us/op
WorkloadResult   5: 4096 op, 575832600.00 ns, 140.5841 us/op
WorkloadResult   6: 4096 op, 584596800.00 ns, 142.7238 us/op
WorkloadResult   7: 4096 op, 580420100.00 ns, 141.7041 us/op
WorkloadResult   8: 4096 op, 577227400.00 ns, 140.9247 us/op
WorkloadResult   9: 4096 op, 579730800.00 ns, 141.5358 us/op
WorkloadResult  10: 4096 op, 574229500.00 ns, 140.1927 us/op
WorkloadResult  11: 4096 op, 579424000.00 ns, 141.4609 us/op
WorkloadResult  12: 4096 op, 581488200.00 ns, 141.9649 us/op
// GC:  315 315 315 2180095008 4096
// Threading:  0 0 4096

// AfterAll
// Benchmark Process 27812 has exited with code 0.

Mean = 141.268 μs, StdErr = 0.221 μs (0.16%), N = 12, StdDev = 0.764 μs
Min = 140.193 μs, Q1 = 140.723 μs, Median = 141.273 μs, Q3 = 141.769 μs, Max = 142.724 μs
IQR = 1.047 μs, LowerFence = 139.153 μs, UpperFence = 143.339 μs
ConfidenceInterval = [140.289 μs; 142.247 μs] (CI 99.9%), Margin = 0.979 μs (0.69% of Mean)
Skewness = 0.23, Kurtosis = 1.86, MValue = 2

// ** Remained 2 (25.0%) benchmark(s) to run. Estimated finish 2026-09-15 20:04 (0h 0m from now) **
Setup power plan (GUID: 8c5e7fda-e8bf-4a96-9a85-a6e23a8c635c FriendlyName: High performance)
// **************************
// Benchmark: StringBenchmark.StringConcatenation: DefaultJob [Iterations=100000]
// *** Execute ***
// Launch: 1 / 1
// Execute: dotnet Benchmarks-DefaultJob-1.dll --anonymousPipes 1304 888 --benchmarkName "StringBenchmark.StringConcatenation(Iterations: 100000)" --job Default --benchmarkId 6 in C:\Users\monas\source\repos\MO7AMEDNAS3ER786-Assignment-4\Benchmarks\bin\Release\net10.0\Benchmarks-DefaultJob-1\bin\Release\net10.0
// BeforeAnythingElse

// Benchmark Process Environment Information:
// BenchmarkDotNet v0.15.8
// Runtime=.NET 10.0.8 (10.0.8, 10.0.826.23019), X64 RyuJIT x86-64-v3
// GC=Non-concurrent Workstation
// HardwareIntrinsics=AVX2+BMI1+BMI2+F16C+FMA+LZCNT+MOVBE,AVX,SSE3+SSSE3+SSE4.1+SSE4.2+POPCNT,X86Base+SSE+SSE2,AES+PCLMUL,AvxVnni,SERIALIZE VectorSize=256
// Job: DefaultJob

OverheadJitting  1: 1 op, 209900.00 ns, 209.9000 us/op
WorkloadJitting  1: 1 op, 25234903200.00 ns, 25.2349 s/op

WorkloadWarmup   1: 1 op, 26118984200.00 ns, 26.1190 s/op
WorkloadWarmup   2: 1 op, 26584717900.00 ns, 26.5847 s/op
WorkloadWarmup   3: 1 op, 29492040900.00 ns, 29.4920 s/op
WorkloadWarmup   4: 1 op, 32559546300.00 ns, 32.5595 s/op
WorkloadWarmup   5: 1 op, 26087386500.00 ns, 26.0874 s/op
WorkloadWarmup   6: 1 op, 25485080800.00 ns, 25.4851 s/op
WorkloadWarmup   7: 1 op, 26169695300.00 ns, 26.1697 s/op
WorkloadWarmup   8: 1 op, 25804473700.00 ns, 25.8045 s/op

// BeforeActualRun
WorkloadActual   1: 1 op, 25640992500.00 ns, 25.6410 s/op
WorkloadActual   2: 1 op, 25764172200.00 ns, 25.7642 s/op
WorkloadActual   3: 1 op, 26017014700.00 ns, 26.0170 s/op
WorkloadActual   4: 1 op, 26257830000.00 ns, 26.2578 s/op
WorkloadActual   5: 1 op, 26263414100.00 ns, 26.2634 s/op
WorkloadActual   6: 1 op, 25676627500.00 ns, 25.6766 s/op
WorkloadActual   7: 1 op, 27072790300.00 ns, 27.0728 s/op
Successfully reverted power plan (GUID: 381b4222-f694-41f0-9685-ff5bb260df2e FriendlyName: Balanced)
