// Validating benchmarks:
// ***** BenchmarkRunner: Start   *****
// ***** Found 8 benchmark(s) in total *****
// ***** Building 1 exe(s) in Parallel: Start   *****
// start dotnet  restore --nodeReuse:false /p:UseSharedCompilation=false /p:Deterministic=true /p:Optimize=true /p:ArtifactsPath="C:\Users\monas\source\repos\MO7AMEDNAS3ER786-Assignment-4\Benchmarks\bin\Release\net10.0\Benchmarks-DefaultJob-1/" /p:OutDir="C:\Users\monas\source\repos\MO7AMEDNAS3ER786-Assignment-4\Benchmarks\bin\Release\net10.0\Benchmarks-DefaultJob-1\bin\Release\net10.0/" /p:OutputPath="C:\Users\monas\source\repos\MO7AMEDNAS3ER786-Assignment-4\Benchmarks\bin\Release\net10.0\Benchmarks-DefaultJob-1\bin\Release\net10.0/" /p:PublishDir="C:\Users\monas\source\repos\MO7AMEDNAS3ER786-Assignment-4\Benchmarks\bin\Release\net10.0\Benchmarks-DefaultJob-1\publish/" in C:\Users\monas\source\repos\MO7AMEDNAS3ER786-Assignment-4\Benchmarks\bin\Release\net10.0\Benchmarks-DefaultJob-1
// command took 1.23 sec and exited with 0
// start dotnet  build -c Release --no-restore --nodeReuse:false /p:UseSharedCompilation=false /p:Deterministic=true /p:Optimize=true /p:ArtifactsPath="C:\Users\monas\source\repos\MO7AMEDNAS3ER786-Assignment-4\Benchmarks\bin\Release\net10.0\Benchmarks-DefaultJob-1/" /p:OutDir="C:\Users\monas\source\repos\MO7AMEDNAS3ER786-Assignment-4\Benchmarks\bin\Release\net10.0\Benchmarks-DefaultJob-1\bin\Release\net10.0/" /p:OutputPath="C:\Users\monas\source\repos\MO7AMEDNAS3ER786-Assignment-4\Benchmarks\bin\Release\net10.0\Benchmarks-DefaultJob-1\bin\Release\net10.0/" /p:PublishDir="C:\Users\monas\source\repos\MO7AMEDNAS3ER786-Assignment-4\Benchmarks\bin\Release\net10.0\Benchmarks-DefaultJob-1\publish/" --output "C:\Users\monas\source\repos\MO7AMEDNAS3ER786-Assignment-4\Benchmarks\bin\Release\net10.0\Benchmarks-DefaultJob-1\bin\Release\net10.0/" in C:\Users\monas\source\repos\MO7AMEDNAS3ER786-Assignment-4\Benchmarks\bin\Release\net10.0\Benchmarks-DefaultJob-1
// command took 6.58 sec and exited with 0
// ***** Done, took 00:00:07 (7.88 sec)   *****
// Found 8 benchmarks:
//   StringBenchmark.StringConcatenation: DefaultJob [Iterations=100]
//   StringBenchmark.StringBuilderConcatenation: DefaultJob [Iterations=100]
//   StringBenchmark.StringConcatenation: DefaultJob [Iterations=1000]
//   StringBenchmark.StringBuilderConcatenation: DefaultJob [Iterations=1000]
//   StringBenchmark.StringConcatenation: DefaultJob [Iterations=10000]
//   StringBenchmark.StringBuilderConcatenation: DefaultJob [Iterations=10000]
//   StringBenchmark.StringConcatenation: DefaultJob [Iterations=100000]
//   StringBenchmark.StringBuilderConcatenation: DefaultJob [Iterations=100000]

Setup power plan (GUID: 8c5e7fda-e8bf-4a96-9a85-a6e23a8c635c FriendlyName: High performance)
// **************************
// Benchmark: StringBenchmark.StringConcatenation: DefaultJob [Iterations=100]
// *** Execute ***
// Launch: 1 / 1
// Execute: dotnet Benchmarks-DefaultJob-1.dll --anonymousPipes 676 1432 --benchmarkName "StringBenchmark.StringConcatenation(Iterations: 100)" --job Default --benchmarkId 0 in C:\Users\monas\source\repos\MO7AMEDNAS3ER786-Assignment-4\Benchmarks\bin\Release\net10.0\Benchmarks-DefaultJob-1\bin\Release\net10.0
// BeforeAnythingElse

// Benchmark Process Environment Information:
// BenchmarkDotNet v0.15.8
// Runtime=.NET 10.0.8 (10.0.8, 10.0.826.23019), X64 RyuJIT x86-64-v3
// GC=Non-concurrent Workstation
// HardwareIntrinsics=AVX2+BMI1+BMI2+F16C+FMA+LZCNT+MOVBE,AVX,SSE3+SSSE3+SSE4.1+SSE4.2+POPCNT,X86Base+SSE+SSE2,AES+PCLMUL,AvxVnni,SERIALIZE VectorSize=256
// Job: DefaultJob

OverheadJitting  1: 1 op, 216900.00 ns, 216.9000 us/op
WorkloadJitting  1: 1 op, 448300.00 ns, 448.3000 us/op

OverheadJitting  2: 16 op, 456100.00 ns, 28.5063 us/op
WorkloadJitting  2: 16 op, 1091500.00 ns, 68.2188 us/op

WorkloadPilot    1: 16 op, 243800.00 ns, 15.2375 us/op
WorkloadPilot    2: 32 op, 1664700.00 ns, 52.0219 us/op
WorkloadPilot    3: 64 op, 1740600.00 ns, 27.1969 us/op
WorkloadPilot    4: 128 op, 2184800.00 ns, 17.0688 us/op
WorkloadPilot    5: 256 op, 3897200.00 ns, 15.2234 us/op
WorkloadPilot    6: 512 op, 6180400.00 ns, 12.0711 us/op
WorkloadPilot    7: 1024 op, 10206200.00 ns, 9.9670 us/op
WorkloadPilot    8: 2048 op, 18343000.00 ns, 8.9565 us/op
WorkloadPilot    9: 4096 op, 47700700.00 ns, 11.6457 us/op
WorkloadPilot   10: 8192 op, 81186100.00 ns, 9.9104 us/op
WorkloadPilot   11: 16384 op, 125471800.00 ns, 7.6582 us/op
WorkloadPilot   12: 32768 op, 176557000.00 ns, 5.3881 us/op
WorkloadPilot   13: 65536 op, 349972800.00 ns, 5.3402 us/op
WorkloadPilot   14: 131072 op, 697919400.00 ns, 5.3247 us/op

OverheadWarmup   1: 131072 op, 599100.00 ns, 4.5708 ns/op
OverheadWarmup   2: 131072 op, 525800.00 ns, 4.0115 ns/op
OverheadWarmup   3: 131072 op, 548700.00 ns, 4.1862 ns/op
OverheadWarmup   4: 131072 op, 548100.00 ns, 4.1817 ns/op
OverheadWarmup   5: 131072 op, 548200.00 ns, 4.1824 ns/op
OverheadWarmup   6: 131072 op, 536100.00 ns, 4.0901 ns/op

OverheadActual   1: 131072 op, 540600.00 ns, 4.1245 ns/op
OverheadActual   2: 131072 op, 540900.00 ns, 4.1267 ns/op
OverheadActual   3: 131072 op, 542800.00 ns, 4.1412 ns/op
OverheadActual   4: 131072 op, 540600.00 ns, 4.1245 ns/op
OverheadActual   5: 131072 op, 535100.00 ns, 4.0825 ns/op
OverheadActual   6: 131072 op, 527700.00 ns, 4.0260 ns/op
OverheadActual   7: 131072 op, 539900.00 ns, 4.1191 ns/op
OverheadActual   8: 131072 op, 541000.00 ns, 4.1275 ns/op
OverheadActual   9: 131072 op, 522300.00 ns, 3.9848 ns/op
OverheadActual  10: 131072 op, 535200.00 ns, 4.0833 ns/op
OverheadActual  11: 131072 op, 533500.00 ns, 4.0703 ns/op
OverheadActual  12: 131072 op, 530800.00 ns, 4.0497 ns/op
OverheadActual  13: 131072 op, 550100.00 ns, 4.1969 ns/op
OverheadActual  14: 131072 op, 540800.00 ns, 4.1260 ns/op
OverheadActual  15: 131072 op, 523800.00 ns, 3.9963 ns/op

WorkloadWarmup   1: 131072 op, 666564800.00 ns, 5.0855 us/op
WorkloadWarmup   2: 131072 op, 667487500.00 ns, 5.0925 us/op
WorkloadWarmup   3: 131072 op, 685274300.00 ns, 5.2282 us/op
WorkloadWarmup   4: 131072 op, 690837900.00 ns, 5.2707 us/op
WorkloadWarmup   5: 131072 op, 665740700.00 ns, 5.0792 us/op
WorkloadWarmup   6: 131072 op, 660887300.00 ns, 5.0422 us/op
WorkloadWarmup   7: 131072 op, 696972900.00 ns, 5.3175 us/op
WorkloadWarmup   8: 131072 op, 656926100.00 ns, 5.0119 us/op

// BeforeActualRun
WorkloadActual   1: 131072 op, 660503900.00 ns, 5.0392 us/op
WorkloadActual   2: 131072 op, 660839500.00 ns, 5.0418 us/op
WorkloadActual   3: 131072 op, 654390400.00 ns, 4.9926 us/op
WorkloadActual   4: 131072 op, 654049800.00 ns, 4.9900 us/op
WorkloadActual   5: 131072 op, 657991300.00 ns, 5.0201 us/op
WorkloadActual   6: 131072 op, 651310400.00 ns, 4.9691 us/op
WorkloadActual   7: 131072 op, 655866600.00 ns, 5.0039 us/op
WorkloadActual   8: 131072 op, 656086900.00 ns, 5.0055 us/op
WorkloadActual   9: 131072 op, 654765200.00 ns, 4.9955 us/op
WorkloadActual  10: 131072 op, 652749300.00 ns, 4.9801 us/op
WorkloadActual  11: 131072 op, 654952900.00 ns, 4.9969 us/op
WorkloadActual  12: 131072 op, 652286800.00 ns, 4.9766 us/op
WorkloadActual  13: 131072 op, 654367600.00 ns, 4.9924 us/op
WorkloadActual  14: 131072 op, 653036700.00 ns, 4.9823 us/op
WorkloadActual  15: 131072 op, 658056400.00 ns, 5.0206 us/op

// AfterActualRun
WorkloadResult   1: 131072 op, 659964000.00 ns, 5.0351 us/op
WorkloadResult   2: 131072 op, 660299600.00 ns, 5.0377 us/op
WorkloadResult   3: 131072 op, 653850500.00 ns, 4.9885 us/op
WorkloadResult   4: 131072 op, 653509900.00 ns, 4.9859 us/op
WorkloadResult   5: 131072 op, 657451400.00 ns, 5.0160 us/op
WorkloadResult   6: 131072 op, 650770500.00 ns, 4.9650 us/op
WorkloadResult   7: 131072 op, 655326700.00 ns, 4.9997 us/op
WorkloadResult   8: 131072 op, 655547000.00 ns, 5.0014 us/op
WorkloadResult   9: 131072 op, 654225300.00 ns, 4.9913 us/op
WorkloadResult  10: 131072 op, 652209400.00 ns, 4.9760 us/op
WorkloadResult  11: 131072 op, 654413000.00 ns, 4.9928 us/op
WorkloadResult  12: 131072 op, 651746900.00 ns, 4.9724 us/op
WorkloadResult  13: 131072 op, 653827700.00 ns, 4.9883 us/op
WorkloadResult  14: 131072 op, 652496800.00 ns, 4.9782 us/op
WorkloadResult  15: 131072 op, 657516500.00 ns, 5.0165 us/op
// GC:  2333 12 0 14641266688 131072
// Threading:  0 0 131072

// AfterAll
// Benchmark Process 28544 has exited with code 0.

Mean = 4.996 μs, StdErr = 0.006 μs (0.11%), N = 15, StdDev = 0.022 μs
Min = 4.965 μs, Q1 = 4.982 μs, Median = 4.991 μs, Q3 = 5.009 μs, Max = 5.038 μs
IQR = 0.027 μs, LowerFence = 4.942 μs, UpperFence = 5.049 μs
ConfidenceInterval = [4.973 μs; 5.020 μs] (CI 99.9%), Margin = 0.023 μs (0.47% of Mean)
Skewness = 0.55, Kurtosis = 2.12, MValue = 2

// ** Remained 7 (87.5%) benchmark(s) to run. Estimated finish 2026-09-15 18:40 (0h 2m from now) **
Setup power plan (GUID: 8c5e7fda-e8bf-4a96-9a85-a6e23a8c635c FriendlyName: High performance)
// **************************
// Benchmark: StringBenchmark.StringBuilderConcatenation: DefaultJob [Iterations=100]
// *** Execute ***
// Launch: 1 / 1
// Execute: dotnet Benchmarks-DefaultJob-1.dll --anonymousPipes 1556 1516 --benchmarkName "StringBenchmark.StringBuilderConcatenation(Iterations: 100)" --job Default --benchmarkId 1 in C:\Users\monas\source\repos\MO7AMEDNAS3ER786-Assignment-4\Benchmarks\bin\Release\net10.0\Benchmarks-DefaultJob-1\bin\Release\net10.0
// BeforeAnythingElse

// Benchmark Process Environment Information:
// BenchmarkDotNet v0.15.8
// Runtime=.NET 10.0.8 (10.0.8, 10.0.826.23019), X64 RyuJIT x86-64-v3
// GC=Non-concurrent Workstation
// HardwareIntrinsics=AVX2+BMI1+BMI2+F16C+FMA+LZCNT+MOVBE,AVX,SSE3+SSSE3+SSE4.1+SSE4.2+POPCNT,X86Base+SSE+SSE2,AES+PCLMUL,AvxVnni,SERIALIZE VectorSize=256
// Job: DefaultJob

OverheadJitting  1: 1 op, 194000.00 ns, 194.0000 us/op
WorkloadJitting  1: 1 op, 448000.00 ns, 448.0000 us/op

OverheadJitting  2: 16 op, 491200.00 ns, 30.7000 us/op
WorkloadJitting  2: 16 op, 549200.00 ns, 34.3250 us/op

WorkloadPilot    1: 16 op, 44200.00 ns, 2.7625 us/op
WorkloadPilot    2: 32 op, 114000.00 ns, 3.5625 us/op
WorkloadPilot    3: 64 op, 266500.00 ns, 4.1641 us/op
WorkloadPilot    4: 128 op, 546400.00 ns, 4.2688 us/op
WorkloadPilot    5: 256 op, 986000.00 ns, 3.8516 us/op
WorkloadPilot    6: 512 op, 1789400.00 ns, 3.4949 us/op
WorkloadPilot    7: 1024 op, 4317400.00 ns, 4.2162 us/op
WorkloadPilot    8: 2048 op, 5350900.00 ns, 2.6127 us/op
WorkloadPilot    9: 4096 op, 10312200.00 ns, 2.5176 us/op
WorkloadPilot   10: 8192 op, 19612500.00 ns, 2.3941 us/op
WorkloadPilot   11: 16384 op, 37978000.00 ns, 2.3180 us/op
WorkloadPilot   12: 32768 op, 62838100.00 ns, 1.9177 us/op
WorkloadPilot   13: 65536 op, 100436200.00 ns, 1.5325 us/op
WorkloadPilot   14: 131072 op, 96817600.00 ns, 738.6597 ns/op
WorkloadPilot   15: 262144 op, 192968900.00 ns, 736.1179 ns/op
WorkloadPilot   16: 524288 op, 383832500.00 ns, 732.1024 ns/op
WorkloadPilot   17: 1048576 op, 754958600.00 ns, 719.9846 ns/op

OverheadWarmup   1: 1048576 op, 4234900.00 ns, 4.0387 ns/op
OverheadWarmup   2: 1048576 op, 4200500.00 ns, 4.0059 ns/op
OverheadWarmup   3: 1048576 op, 4214100.00 ns, 4.0189 ns/op
OverheadWarmup   4: 1048576 op, 4082900.00 ns, 3.8938 ns/op
OverheadWarmup   5: 1048576 op, 4101400.00 ns, 3.9114 ns/op
OverheadWarmup   6: 1048576 op, 4266600.00 ns, 4.0689 ns/op
OverheadWarmup   7: 1048576 op, 4188300.00 ns, 3.9943 ns/op

OverheadActual   1: 1048576 op, 4268600.00 ns, 4.0709 ns/op
OverheadActual   2: 1048576 op, 4221000.00 ns, 4.0255 ns/op
OverheadActual   3: 1048576 op, 4242800.00 ns, 4.0462 ns/op
OverheadActual   4: 1048576 op, 4259100.00 ns, 4.0618 ns/op
OverheadActual   5: 1048576 op, 4185800.00 ns, 3.9919 ns/op
OverheadActual   6: 1048576 op, 4255300.00 ns, 4.0582 ns/op
OverheadActual   7: 1048576 op, 4308400.00 ns, 4.1088 ns/op
OverheadActual   8: 1048576 op, 4190100.00 ns, 3.9960 ns/op
OverheadActual   9: 1048576 op, 4262900.00 ns, 4.0654 ns/op
OverheadActual  10: 1048576 op, 4274000.00 ns, 4.0760 ns/op
OverheadActual  11: 1048576 op, 4235000.00 ns, 4.0388 ns/op
OverheadActual  12: 1048576 op, 4223500.00 ns, 4.0278 ns/op
OverheadActual  13: 1048576 op, 4250200.00 ns, 4.0533 ns/op
OverheadActual  14: 1048576 op, 4280500.00 ns, 4.0822 ns/op
OverheadActual  15: 1048576 op, 4210600.00 ns, 4.0155 ns/op

WorkloadWarmup   1: 1048576 op, 760301700.00 ns, 725.0802 ns/op
WorkloadWarmup   2: 1048576 op, 765468700.00 ns, 730.0078 ns/op
WorkloadWarmup   3: 1048576 op, 753428100.00 ns, 718.5250 ns/op
WorkloadWarmup   4: 1048576 op, 757972600.00 ns, 722.8590 ns/op
WorkloadWarmup   5: 1048576 op, 758504800.00 ns, 723.3665 ns/op
WorkloadWarmup   6: 1048576 op, 756333300.00 ns, 721.2956 ns/op

// BeforeActualRun
WorkloadActual   1: 1048576 op, 752190500.00 ns, 717.3448 ns/op
WorkloadActual   2: 1048576 op, 761687200.00 ns, 726.4015 ns/op
WorkloadActual   3: 1048576 op, 757391100.00 ns, 722.3044 ns/op
WorkloadActual   4: 1048576 op, 757385500.00 ns, 722.2991 ns/op
WorkloadActual   5: 1048576 op, 759917300.00 ns, 724.7136 ns/op
WorkloadActual   6: 1048576 op, 757402900.00 ns, 722.3157 ns/op
WorkloadActual   7: 1048576 op, 751980300.00 ns, 717.1443 ns/op
WorkloadActual   8: 1048576 op, 752848800.00 ns, 717.9726 ns/op
WorkloadActual   9: 1048576 op, 752783000.00 ns, 717.9098 ns/op
WorkloadActual  10: 1048576 op, 757119900.00 ns, 722.0458 ns/op
WorkloadActual  11: 1048576 op, 759050700.00 ns, 723.8872 ns/op
WorkloadActual  12: 1048576 op, 757998100.00 ns, 722.8833 ns/op
WorkloadActual  13: 1048576 op, 753830500.00 ns, 718.9088 ns/op
WorkloadActual  14: 1048576 op, 754781500.00 ns, 719.8157 ns/op
WorkloadActual  15: 1048576 op, 755174400.00 ns, 720.1904 ns/op

// AfterActualRun
WorkloadResult   1: 1048576 op, 747940300.00 ns, 713.2915 ns/op
WorkloadResult   2: 1048576 op, 757437000.00 ns, 722.3482 ns/op
WorkloadResult   3: 1048576 op, 753140900.00 ns, 718.2511 ns/op
WorkloadResult   4: 1048576 op, 753135300.00 ns, 718.2458 ns/op
WorkloadResult   5: 1048576 op, 755667100.00 ns, 720.6603 ns/op
WorkloadResult   6: 1048576 op, 753152700.00 ns, 718.2624 ns/op
WorkloadResult   7: 1048576 op, 747730100.00 ns, 713.0910 ns/op
WorkloadResult   8: 1048576 op, 748598600.00 ns, 713.9193 ns/op
WorkloadResult   9: 1048576 op, 748532800.00 ns, 713.8565 ns/op
WorkloadResult  10: 1048576 op, 752869700.00 ns, 717.9925 ns/op
WorkloadResult  11: 1048576 op, 754800500.00 ns, 719.8339 ns/op
WorkloadResult  12: 1048576 op, 753747900.00 ns, 718.8300 ns/op
WorkloadResult  13: 1048576 op, 749580300.00 ns, 714.8555 ns/op
WorkloadResult  14: 1048576 op, 750531300.00 ns, 715.7624 ns/op
WorkloadResult  15: 1048576 op, 750924200.00 ns, 716.1371 ns/op
// GC:  1149 20 0 7214202880 1048576
// Threading:  0 0 1048576

// AfterAll
// Benchmark Process 23208 has exited with code 0.

Mean = 717.022 ns, StdErr = 0.738 ns (0.10%), N = 15, StdDev = 2.858 ns
Min = 713.091 ns, Q1 = 714.387 ns, Median = 717.992 ns, Q3 = 718.546 ns, Max = 722.348 ns
IQR = 4.159 ns, LowerFence = 708.149 ns, UpperFence = 724.784 ns
ConfidenceInterval = [713.967 ns; 720.078 ns] (CI 99.9%), Margin = 3.055 ns (0.43% of Mean)
Skewness = 0.13, Kurtosis = 1.71, MValue = 2

// ** Remained 6 (75.0%) benchmark(s) to run. Estimated finish 2026-09-15 18:40 (0h 1m from now) **
Setup power plan (GUID: 8c5e7fda-e8bf-4a96-9a85-a6e23a8c635c FriendlyName: High performance)
// **************************
// Benchmark: StringBenchmark.StringConcatenation: DefaultJob [Iterations=1000]
// *** Execute ***
// Launch: 1 / 1
// Execute: dotnet Benchmarks-DefaultJob-1.dll --anonymousPipes 1528 1588 --benchmarkName "StringBenchmark.StringConcatenation(Iterations: 1000)" --job Default --benchmarkId 2 in C:\Users\monas\source\repos\MO7AMEDNAS3ER786-Assignment-4\Benchmarks\bin\Release\net10.0\Benchmarks-DefaultJob-1\bin\Release\net10.0
// BeforeAnythingElse

// Benchmark Process Environment Information:
// BenchmarkDotNet v0.15.8
// Runtime=.NET 10.0.8 (10.0.8, 10.0.826.23019), X64 RyuJIT x86-64-v3
// GC=Non-concurrent Workstation
// HardwareIntrinsics=AVX2+BMI1+BMI2+F16C+FMA+LZCNT+MOVBE,AVX,SSE3+SSSE3+SSE4.1+SSE4.2+POPCNT,X86Base+SSE+SSE2,AES+PCLMUL,AvxVnni,SERIALIZE VectorSize=256
// Job: DefaultJob

OverheadJitting  1: 1 op, 204800.00 ns, 204.8000 us/op
WorkloadJitting  1: 1 op, 2611500.00 ns, 2.6115 ms/op

OverheadJitting  2: 16 op, 437900.00 ns, 27.3688 us/op
WorkloadJitting  2: 16 op, 12846500.00 ns, 802.9063 us/op

WorkloadPilot    1: 16 op, 10716600.00 ns, 669.7875 us/op
WorkloadPilot    2: 32 op, 19385100.00 ns, 605.7844 us/op
WorkloadPilot    3: 64 op, 33593200.00 ns, 524.8938 us/op
WorkloadPilot    4: 128 op, 67201700.00 ns, 525.0133 us/op
WorkloadPilot    5: 256 op, 134952400.00 ns, 527.1578 us/op
WorkloadPilot    6: 512 op, 257751000.00 ns, 503.4199 us/op
WorkloadPilot    7: 1024 op, 515609300.00 ns, 503.5247 us/op

OverheadWarmup   1: 1024 op, 5200.00 ns, 5.0781 ns/op
OverheadWarmup   2: 1024 op, 4600.00 ns, 4.4922 ns/op
OverheadWarmup   3: 1024 op, 5500.00 ns, 5.3711 ns/op
OverheadWarmup   4: 1024 op, 6800.00 ns, 6.6406 ns/op
OverheadWarmup   5: 1024 op, 4500.00 ns, 4.3945 ns/op
OverheadWarmup   6: 1024 op, 4900.00 ns, 4.7852 ns/op
OverheadWarmup   7: 1024 op, 4700.00 ns, 4.5898 ns/op

OverheadActual   1: 1024 op, 5300.00 ns, 5.1758 ns/op
OverheadActual   2: 1024 op, 4900.00 ns, 4.7852 ns/op
OverheadActual   3: 1024 op, 5000.00 ns, 4.8828 ns/op
OverheadActual   4: 1024 op, 4800.00 ns, 4.6875 ns/op
OverheadActual   5: 1024 op, 4700.00 ns, 4.5898 ns/op
OverheadActual   6: 1024 op, 4900.00 ns, 4.7852 ns/op
OverheadActual   7: 1024 op, 4800.00 ns, 4.6875 ns/op
OverheadActual   8: 1024 op, 4500.00 ns, 4.3945 ns/op
OverheadActual   9: 1024 op, 4700.00 ns, 4.5898 ns/op
OverheadActual  10: 1024 op, 4600.00 ns, 4.4922 ns/op
OverheadActual  11: 1024 op, 4600.00 ns, 4.4922 ns/op
OverheadActual  12: 1024 op, 4700.00 ns, 4.5898 ns/op
OverheadActual  13: 1024 op, 4700.00 ns, 4.5898 ns/op
OverheadActual  14: 1024 op, 4700.00 ns, 4.5898 ns/op
OverheadActual  15: 1024 op, 4700.00 ns, 4.5898 ns/op

WorkloadWarmup   1: 1024 op, 511101200.00 ns, 499.1223 us/op
WorkloadWarmup   2: 1024 op, 515971600.00 ns, 503.8785 us/op
WorkloadWarmup   3: 1024 op, 523572900.00 ns, 511.3017 us/op
WorkloadWarmup   4: 1024 op, 512426400.00 ns, 500.4164 us/op
WorkloadWarmup   5: 1024 op, 519427300.00 ns, 507.2532 us/op
WorkloadWarmup   6: 1024 op, 514488900.00 ns, 502.4306 us/op

// BeforeActualRun
WorkloadActual   1: 1024 op, 508803100.00 ns, 496.8780 us/op
WorkloadActual   2: 1024 op, 500221700.00 ns, 488.4978 us/op
WorkloadActual   3: 1024 op, 504536500.00 ns, 492.7114 us/op
WorkloadActual   4: 1024 op, 498390500.00 ns, 486.7095 us/op
WorkloadActual   5: 1024 op, 498350600.00 ns, 486.6705 us/op
WorkloadActual   6: 1024 op, 499429300.00 ns, 487.7239 us/op
WorkloadActual   7: 1024 op, 502529300.00 ns, 490.7513 us/op
WorkloadActual   8: 1024 op, 495043500.00 ns, 483.4409 us/op
WorkloadActual   9: 1024 op, 500079900.00 ns, 488.3593 us/op
WorkloadActual  10: 1024 op, 497870700.00 ns, 486.2019 us/op
WorkloadActual  11: 1024 op, 504547900.00 ns, 492.7226 us/op
WorkloadActual  12: 1024 op, 494643900.00 ns, 483.0507 us/op
WorkloadActual  13: 1024 op, 499845300.00 ns, 488.1302 us/op
WorkloadActual  14: 1024 op, 501452200.00 ns, 489.6994 us/op
WorkloadActual  15: 1024 op, 505619300.00 ns, 493.7688 us/op

// AfterActualRun
WorkloadResult   1: 1024 op, 508798400.00 ns, 496.8734 us/op
WorkloadResult   2: 1024 op, 500217000.00 ns, 488.4932 us/op
WorkloadResult   3: 1024 op, 504531800.00 ns, 492.7068 us/op
WorkloadResult   4: 1024 op, 498385800.00 ns, 486.7049 us/op
WorkloadResult   5: 1024 op, 498345900.00 ns, 486.6659 us/op
WorkloadResult   6: 1024 op, 499424600.00 ns, 487.7193 us/op
WorkloadResult   7: 1024 op, 502524600.00 ns, 490.7467 us/op
WorkloadResult   8: 1024 op, 495038800.00 ns, 483.4363 us/op
WorkloadResult   9: 1024 op, 500075200.00 ns, 488.3547 us/op
WorkloadResult  10: 1024 op, 497866000.00 ns, 486.1973 us/op
WorkloadResult  11: 1024 op, 504543200.00 ns, 492.7180 us/op
WorkloadResult  12: 1024 op, 494639200.00 ns, 483.0461 us/op
WorkloadResult  13: 1024 op, 499840600.00 ns, 488.1256 us/op
WorkloadResult  14: 1024 op, 501447500.00 ns, 489.6948 us/op
WorkloadResult  15: 1024 op, 505614600.00 ns, 493.7643 us/op
// GC:  1932 113 0 12136554496 1024
// Threading:  0 0 1024

// AfterAll
// Benchmark Process 8116 has exited with code 0.

Mean = 489.016 μs, StdErr = 0.985 μs (0.20%), N = 15, StdDev = 3.816 μs
Min = 483.046 μs, Q1 = 486.685 μs, Median = 488.355 μs, Q3 = 491.727 μs, Max = 496.873 μs
IQR = 5.041 μs, LowerFence = 479.123 μs, UpperFence = 499.289 μs
ConfidenceInterval = [484.937 μs; 493.096 μs] (CI 99.9%), Margin = 4.079 μs (0.83% of Mean)
Skewness = 0.31, Kurtosis = 2.22, MValue = 2

// ** Remained 5 (62.5%) benchmark(s) to run. Estimated finish 2026-09-15 18:40 (0h 1m from now) **
Setup power plan (GUID: 8c5e7fda-e8bf-4a96-9a85-a6e23a8c635c FriendlyName: High performance)
// **************************
// Benchmark: StringBenchmark.StringBuilderConcatenation: DefaultJob [Iterations=1000]
// *** Execute ***
// Launch: 1 / 1
// Execute: dotnet Benchmarks-DefaultJob-1.dll --anonymousPipes 1580 1516 --benchmarkName "StringBenchmark.StringBuilderConcatenation(Iterations: 1000)" --job Default --benchmarkId 3 in C:\Users\monas\source\repos\MO7AMEDNAS3ER786-Assignment-4\Benchmarks\bin\Release\net10.0\Benchmarks-DefaultJob-1\bin\Release\net10.0
// BeforeAnythingElse

// Benchmark Process Environment Information:
// BenchmarkDotNet v0.15.8
// Runtime=.NET 10.0.8 (10.0.8, 10.0.826.23019), X64 RyuJIT x86-64-v3
// GC=Non-concurrent Workstation
// HardwareIntrinsics=AVX2+BMI1+BMI2+F16C+FMA+LZCNT+MOVBE,AVX,SSE3+SSSE3+SSE4.1+SSE4.2+POPCNT,X86Base+SSE+SSE2,AES+PCLMUL,AvxVnni,SERIALIZE VectorSize=256
// Job: DefaultJob

OverheadJitting  1: 1 op, 207500.00 ns, 207.5000 us/op
WorkloadJitting  1: 1 op, 398000.00 ns, 398.0000 us/op

OverheadJitting  2: 16 op, 403200.00 ns, 25.2000 us/op
WorkloadJitting  2: 16 op, 4758300.00 ns, 297.3938 us/op

WorkloadPilot    1: 16 op, 403900.00 ns, 25.2438 us/op
WorkloadPilot    2: 32 op, 1205300.00 ns, 37.6656 us/op
WorkloadPilot    3: 64 op, 2287700.00 ns, 35.7453 us/op
WorkloadPilot    4: 128 op, 4400700.00 ns, 34.3805 us/op
WorkloadPilot    5: 256 op, 5904000.00 ns, 23.0625 us/op
WorkloadPilot    6: 512 op, 11213900.00 ns, 21.9021 us/op
WorkloadPilot    7: 1024 op, 21670400.00 ns, 21.1625 us/op
WorkloadPilot    8: 2048 op, 41573200.00 ns, 20.2994 us/op
WorkloadPilot    9: 4096 op, 63673100.00 ns, 15.5452 us/op
WorkloadPilot   10: 8192 op, 103357700.00 ns, 12.6169 us/op
WorkloadPilot   11: 16384 op, 112795800.00 ns, 6.8845 us/op
WorkloadPilot   12: 32768 op, 183460500.00 ns, 5.5988 us/op
WorkloadPilot   13: 65536 op, 359139400.00 ns, 5.4800 us/op
WorkloadPilot   14: 131072 op, 714416200.00 ns, 5.4506 us/op

OverheadWarmup   1: 131072 op, 574000.00 ns, 4.3793 ns/op
OverheadWarmup   2: 131072 op, 548700.00 ns, 4.1862 ns/op
OverheadWarmup   3: 131072 op, 552100.00 ns, 4.2122 ns/op
OverheadWarmup   4: 131072 op, 543900.00 ns, 4.1496 ns/op
OverheadWarmup   5: 131072 op, 547300.00 ns, 4.1756 ns/op
OverheadWarmup   6: 131072 op, 526600.00 ns, 4.0176 ns/op

OverheadActual   1: 131072 op, 537700.00 ns, 4.1023 ns/op
OverheadActual   2: 131072 op, 557000.00 ns, 4.2496 ns/op
OverheadActual   3: 131072 op, 677500.00 ns, 5.1689 ns/op
OverheadActual   4: 131072 op, 528300.00 ns, 4.0306 ns/op
OverheadActual   5: 131072 op, 544400.00 ns, 4.1534 ns/op
OverheadActual   6: 131072 op, 548100.00 ns, 4.1817 ns/op
OverheadActual   7: 131072 op, 528200.00 ns, 4.0298 ns/op
OverheadActual   8: 131072 op, 522900.00 ns, 3.9894 ns/op
OverheadActual   9: 131072 op, 552300.00 ns, 4.2137 ns/op
OverheadActual  10: 131072 op, 528200.00 ns, 4.0298 ns/op
OverheadActual  11: 131072 op, 532000.00 ns, 4.0588 ns/op
OverheadActual  12: 131072 op, 544800.00 ns, 4.1565 ns/op
OverheadActual  13: 131072 op, 535700.00 ns, 4.0871 ns/op
OverheadActual  14: 131072 op, 525300.00 ns, 4.0077 ns/op
OverheadActual  15: 131072 op, 557800.00 ns, 4.2557 ns/op

WorkloadWarmup   1: 131072 op, 705124300.00 ns, 5.3797 us/op
WorkloadWarmup   2: 131072 op, 711105000.00 ns, 5.4253 us/op
WorkloadWarmup   3: 131072 op, 705428700.00 ns, 5.3820 us/op
WorkloadWarmup   4: 131072 op, 710385700.00 ns, 5.4198 us/op
WorkloadWarmup   5: 131072 op, 712625200.00 ns, 5.4369 us/op
WorkloadWarmup   6: 131072 op, 706584600.00 ns, 5.3908 us/op

// BeforeActualRun
WorkloadActual   1: 131072 op, 711985500.00 ns, 5.4320 us/op
WorkloadActual   2: 131072 op, 713401100.00 ns, 5.4428 us/op
WorkloadActual   3: 131072 op, 711295400.00 ns, 5.4268 us/op
WorkloadActual   4: 131072 op, 709486300.00 ns, 5.4130 us/op
WorkloadActual   5: 131072 op, 710708700.00 ns, 5.4223 us/op
WorkloadActual   6: 131072 op, 707229900.00 ns, 5.3957 us/op
WorkloadActual   7: 131072 op, 703661500.00 ns, 5.3685 us/op
WorkloadActual   8: 131072 op, 707436700.00 ns, 5.3973 us/op
WorkloadActual   9: 131072 op, 705885900.00 ns, 5.3855 us/op
WorkloadActual  10: 131072 op, 706535200.00 ns, 5.3904 us/op
WorkloadActual  11: 131072 op, 707156800.00 ns, 5.3952 us/op
WorkloadActual  12: 131072 op, 705939500.00 ns, 5.3859 us/op
WorkloadActual  13: 131072 op, 709962000.00 ns, 5.4166 us/op
WorkloadActual  14: 131072 op, 714310700.00 ns, 5.4498 us/op
WorkloadActual  15: 131072 op, 709031400.00 ns, 5.4095 us/op

// AfterActualRun
WorkloadResult   1: 131072 op, 711447800.00 ns, 5.4279 us/op
WorkloadResult   2: 131072 op, 712863400.00 ns, 5.4387 us/op
WorkloadResult   3: 131072 op, 710757700.00 ns, 5.4227 us/op
WorkloadResult   4: 131072 op, 708948600.00 ns, 5.4088 us/op
WorkloadResult   5: 131072 op, 710171000.00 ns, 5.4182 us/op
WorkloadResult   6: 131072 op, 706692200.00 ns, 5.3916 us/op
WorkloadResult   7: 131072 op, 703123800.00 ns, 5.3644 us/op
WorkloadResult   8: 131072 op, 706899000.00 ns, 5.3932 us/op
WorkloadResult   9: 131072 op, 705348200.00 ns, 5.3814 us/op
WorkloadResult  10: 131072 op, 705997500.00 ns, 5.3863 us/op
WorkloadResult  11: 131072 op, 706619100.00 ns, 5.3911 us/op
WorkloadResult  12: 131072 op, 705401800.00 ns, 5.3818 us/op
WorkloadResult  13: 131072 op, 709424300.00 ns, 5.4125 us/op
WorkloadResult  14: 131072 op, 713773000.00 ns, 5.4457 us/op
WorkloadResult  15: 131072 op, 708493700.00 ns, 5.4054 us/op
// GC:  1191 132 0 7473201152 131072
// Threading:  0 0 131072

// AfterAll
// Benchmark Process 28420 has exited with code 0.

Mean = 5.405 μs, StdErr = 0.006 μs (0.11%), N = 15, StdDev = 0.023 μs
Min = 5.364 μs, Q1 = 5.389 μs, Median = 5.405 μs, Q3 = 5.420 μs, Max = 5.446 μs
IQR = 0.032 μs, LowerFence = 5.341 μs, UpperFence = 5.468 μs
ConfidenceInterval = [5.380 μs; 5.429 μs] (CI 99.9%), Margin = 0.025 μs (0.46% of Mean)
Skewness = 0.15, Kurtosis = 1.87, MValue = 2

// ** Remained 4 (50.0%) benchmark(s) to run. Estimated finish 2026-09-15 18:40 (0h 1m from now) **
Setup power plan (GUID: 8c5e7fda-e8bf-4a96-9a85-a6e23a8c635c FriendlyName: High performance)
// **************************
// Benchmark: StringBenchmark.StringConcatenation: DefaultJob [Iterations=10000]
// *** Execute ***
// Launch: 1 / 1
// Execute: dotnet Benchmarks-DefaultJob-1.dll --anonymousPipes 1620 1624 --benchmarkName "StringBenchmark.StringConcatenation(Iterations: 10000)" --job Default --benchmarkId 4 in C:\Users\monas\source\repos\MO7AMEDNAS3ER786-Assignment-4\Benchmarks\bin\Release\net10.0\Benchmarks-DefaultJob-1\bin\Release\net10.0
// BeforeAnythingElse

// Benchmark Process Environment Information:
// BenchmarkDotNet v0.15.8
// Runtime=.NET 10.0.8 (10.0.8, 10.0.826.23019), X64 RyuJIT x86-64-v3
// GC=Non-concurrent Workstation
// HardwareIntrinsics=AVX2+BMI1+BMI2+F16C+FMA+LZCNT+MOVBE,AVX,SSE3+SSSE3+SSE4.1+SSE4.2+POPCNT,X86Base+SSE+SSE2,AES+PCLMUL,AvxVnni,SERIALIZE VectorSize=256
// Job: DefaultJob

OverheadJitting  1: 1 op, 205200.00 ns, 205.2000 us/op
WorkloadJitting  1: 1 op, 98802200.00 ns, 98.8022 ms/op

WorkloadPilot    1: 2 op, 188724300.00 ns, 94.3622 ms/op
WorkloadPilot    2: 3 op, 282393400.00 ns, 94.1311 ms/op
WorkloadPilot    3: 4 op, 393640500.00 ns, 98.4101 ms/op
WorkloadPilot    4: 5 op, 466529100.00 ns, 93.3058 ms/op
WorkloadPilot    5: 6 op, 568468800.00 ns, 94.7448 ms/op

WorkloadWarmup   1: 6 op, 557900700.00 ns, 92.9835 ms/op
WorkloadWarmup   2: 6 op, 553976800.00 ns, 92.3295 ms/op
WorkloadWarmup   3: 6 op, 556422800.00 ns, 92.7371 ms/op
WorkloadWarmup   4: 6 op, 600521500.00 ns, 100.0869 ms/op
WorkloadWarmup   5: 6 op, 553249200.00 ns, 92.2082 ms/op
WorkloadWarmup   6: 6 op, 568921800.00 ns, 94.8203 ms/op
WorkloadWarmup   7: 6 op, 558076200.00 ns, 93.0127 ms/op

// BeforeActualRun
WorkloadActual   1: 6 op, 555406600.00 ns, 92.5678 ms/op
WorkloadActual   2: 6 op, 558440400.00 ns, 93.0734 ms/op
WorkloadActual   3: 6 op, 577128400.00 ns, 96.1881 ms/op
WorkloadActual   4: 6 op, 555473300.00 ns, 92.5789 ms/op
WorkloadActual   5: 6 op, 561006900.00 ns, 93.5012 ms/op
WorkloadActual   6: 6 op, 584741500.00 ns, 97.4569 ms/op
WorkloadActual   7: 6 op, 556591400.00 ns, 92.7652 ms/op
WorkloadActual   8: 6 op, 561342100.00 ns, 93.5570 ms/op
WorkloadActual   9: 6 op, 638611000.00 ns, 106.4352 ms/op
WorkloadActual  10: 6 op, 555376600.00 ns, 92.5628 ms/op
WorkloadActual  11: 6 op, 562710300.00 ns, 93.7851 ms/op
WorkloadActual  12: 6 op, 556907600.00 ns, 92.8179 ms/op
WorkloadActual  13: 6 op, 570626500.00 ns, 95.1044 ms/op
WorkloadActual  14: 6 op, 559492100.00 ns, 93.2487 ms/op
WorkloadActual  15: 6 op, 562656500.00 ns, 93.7761 ms/op

// AfterActualRun
WorkloadResult   1: 6 op, 555406600.00 ns, 92.5678 ms/op
WorkloadResult   2: 6 op, 558440400.00 ns, 93.0734 ms/op
WorkloadResult   3: 6 op, 577128400.00 ns, 96.1881 ms/op
WorkloadResult   4: 6 op, 555473300.00 ns, 92.5789 ms/op
WorkloadResult   5: 6 op, 561006900.00 ns, 93.5012 ms/op
WorkloadResult   6: 6 op, 556591400.00 ns, 92.7652 ms/op
WorkloadResult   7: 6 op, 561342100.00 ns, 93.5570 ms/op
WorkloadResult   8: 6 op, 555376600.00 ns, 92.5628 ms/op
WorkloadResult   9: 6 op, 562710300.00 ns, 93.7851 ms/op
WorkloadResult  10: 6 op, 556907600.00 ns, 92.8179 ms/op
WorkloadResult  11: 6 op, 570626500.00 ns, 95.1044 ms/op
WorkloadResult  12: 6 op, 559492100.00 ns, 93.2487 ms/op
WorkloadResult  13: 6 op, 562656500.00 ns, 93.7761 ms/op
// GC:  9975 9875 1648 7677566352 6
// Threading:  0 0 6

// AfterAll
// Benchmark Process 26316 has exited with code 0.

Mean = 93.502 ms, StdErr = 0.297 ms (0.32%), N = 13, StdDev = 1.073 ms
Min = 92.563 ms, Q1 = 92.765 ms, Median = 93.249 ms, Q3 = 93.776 ms, Max = 96.188 ms
IQR = 1.011 ms, LowerFence = 91.249 ms, UpperFence = 95.292 ms
ConfidenceInterval = [92.218 ms; 94.787 ms] (CI 99.9%), Margin = 1.285 ms (1.37% of Mean)
Skewness = 1.26, Kurtosis = 3.57, MValue = 2

// ** Remained 3 (37.5%) benchmark(s) to run. Estimated finish 2026-09-15 18:40 (0h 0m from now) **
Setup power plan (GUID: 8c5e7fda-e8bf-4a96-9a85-a6e23a8c635c FriendlyName: High performance)
// **************************
// Benchmark: StringBenchmark.StringBuilderConcatenation: DefaultJob [Iterations=10000]
// *** Execute ***
// Launch: 1 / 1
// Execute: dotnet Benchmarks-DefaultJob-1.dll --anonymousPipes 1520 676 --benchmarkName "StringBenchmark.StringBuilderConcatenation(Iterations: 10000)" --job Default --benchmarkId 5 in C:\Users\monas\source\repos\MO7AMEDNAS3ER786-Assignment-4\Benchmarks\bin\Release\net10.0\Benchmarks-DefaultJob-1\bin\Release\net10.0
// BeforeAnythingElse

// Benchmark Process Environment Information:
// BenchmarkDotNet v0.15.8
// Runtime=.NET 10.0.8 (10.0.8, 10.0.826.23019), X64 RyuJIT x86-64-v3
// GC=Non-concurrent Workstation
// HardwareIntrinsics=AVX2+BMI1+BMI2+F16C+FMA+LZCNT+MOVBE,AVX,SSE3+SSSE3+SSE4.1+SSE4.2+POPCNT,X86Base+SSE+SSE2,AES+PCLMUL,AvxVnni,SERIALIZE VectorSize=256
// Job: DefaultJob

OverheadJitting  1: 1 op, 215900.00 ns, 215.9000 us/op
WorkloadJitting  1: 1 op, 3406100.00 ns, 3.4061 ms/op

OverheadJitting  2: 16 op, 406600.00 ns, 25.4125 us/op
WorkloadJitting  2: 16 op, 4443700.00 ns, 277.7313 us/op

WorkloadPilot    1: 16 op, 2497400.00 ns, 156.0875 us/op
WorkloadPilot    2: 32 op, 6715800.00 ns, 209.8688 us/op
WorkloadPilot    3: 64 op, 12500700.00 ns, 195.3234 us/op
WorkloadPilot    4: 128 op, 23556300.00 ns, 184.0336 us/op
WorkloadPilot    5: 256 op, 44714000.00 ns, 174.6641 us/op
WorkloadPilot    6: 512 op, 84543600.00 ns, 165.1242 us/op
WorkloadPilot    7: 1024 op, 168549300.00 ns, 164.5989 us/op
WorkloadPilot    8: 2048 op, 325200200.00 ns, 158.7892 us/op
WorkloadPilot    9: 4096 op, 656580200.00 ns, 160.2979 us/op

OverheadWarmup   1: 4096 op, 19400.00 ns, 4.7363 ns/op
OverheadWarmup   2: 4096 op, 17700.00 ns, 4.3213 ns/op
OverheadWarmup   3: 4096 op, 17100.00 ns, 4.1748 ns/op
OverheadWarmup   4: 4096 op, 17800.00 ns, 4.3457 ns/op
OverheadWarmup   5: 4096 op, 71400.00 ns, 17.4316 ns/op
OverheadWarmup   6: 4096 op, 17700.00 ns, 4.3213 ns/op
OverheadWarmup   7: 4096 op, 17700.00 ns, 4.3213 ns/op
OverheadWarmup   8: 4096 op, 17000.00 ns, 4.1504 ns/op

OverheadActual   1: 4096 op, 18200.00 ns, 4.4434 ns/op
OverheadActual   2: 4096 op, 17500.00 ns, 4.2725 ns/op
OverheadActual   3: 4096 op, 18200.00 ns, 4.4434 ns/op
OverheadActual   4: 4096 op, 18800.00 ns, 4.5898 ns/op
OverheadActual   5: 4096 op, 18000.00 ns, 4.3945 ns/op
OverheadActual   6: 4096 op, 17000.00 ns, 4.1504 ns/op
OverheadActual   7: 4096 op, 18800.00 ns, 4.5898 ns/op
OverheadActual   8: 4096 op, 17200.00 ns, 4.1992 ns/op
OverheadActual   9: 4096 op, 20700.00 ns, 5.0537 ns/op
OverheadActual  10: 4096 op, 18900.00 ns, 4.6143 ns/op
OverheadActual  11: 4096 op, 16900.00 ns, 4.1260 ns/op
OverheadActual  12: 4096 op, 29000.00 ns, 7.0801 ns/op
OverheadActual  13: 4096 op, 17700.00 ns, 4.3213 ns/op
OverheadActual  14: 4096 op, 17200.00 ns, 4.1992 ns/op
OverheadActual  15: 4096 op, 17600.00 ns, 4.2969 ns/op
OverheadActual  16: 4096 op, 17600.00 ns, 4.2969 ns/op
OverheadActual  17: 4096 op, 18000.00 ns, 4.3945 ns/op
OverheadActual  18: 4096 op, 17800.00 ns, 4.3457 ns/op

WorkloadWarmup   1: 4096 op, 630125200.00 ns, 153.8392 us/op
WorkloadWarmup   2: 4096 op, 618725800.00 ns, 151.0561 us/op
WorkloadWarmup   3: 4096 op, 614318900.00 ns, 149.9802 us/op
WorkloadWarmup   4: 4096 op, 611837300.00 ns, 149.3743 us/op
WorkloadWarmup   5: 4096 op, 623096500.00 ns, 152.1232 us/op
WorkloadWarmup   6: 4096 op, 615379400.00 ns, 150.2391 us/op
WorkloadWarmup   7: 4096 op, 615140900.00 ns, 150.1809 us/op
WorkloadWarmup   8: 4096 op, 620434800.00 ns, 151.4733 us/op
WorkloadWarmup   9: 4096 op, 618528500.00 ns, 151.0079 us/op

// BeforeActualRun
WorkloadActual   1: 4096 op, 614893400.00 ns, 150.1205 us/op
WorkloadActual   2: 4096 op, 613367000.00 ns, 149.7478 us/op
WorkloadActual   3: 4096 op, 611956200.00 ns, 149.4034 us/op
WorkloadActual   4: 4096 op, 610940800.00 ns, 149.1555 us/op
WorkloadActual   5: 4096 op, 615648000.00 ns, 150.3047 us/op
WorkloadActual   6: 4096 op, 618211800.00 ns, 150.9306 us/op
WorkloadActual   7: 4096 op, 618276400.00 ns, 150.9464 us/op
WorkloadActual   8: 4096 op, 614776000.00 ns, 150.0918 us/op
WorkloadActual   9: 4096 op, 614828900.00 ns, 150.1047 us/op
WorkloadActual  10: 4096 op, 615887200.00 ns, 150.3631 us/op
WorkloadActual  11: 4096 op, 614901400.00 ns, 150.1224 us/op
WorkloadActual  12: 4096 op, 613759000.00 ns, 149.8435 us/op
WorkloadActual  13: 4096 op, 614890000.00 ns, 150.1196 us/op
WorkloadActual  14: 4096 op, 608872600.00 ns, 148.6505 us/op
WorkloadActual  15: 4096 op, 621350400.00 ns, 151.6969 us/op

// AfterActualRun
WorkloadResult   1: 4096 op, 614875500.00 ns, 150.1161 us/op
WorkloadResult   2: 4096 op, 613349100.00 ns, 149.7434 us/op
WorkloadResult   3: 4096 op, 611938300.00 ns, 149.3990 us/op
WorkloadResult   4: 4096 op, 610922900.00 ns, 149.1511 us/op
WorkloadResult   5: 4096 op, 615630100.00 ns, 150.3003 us/op
WorkloadResult   6: 4096 op, 618193900.00 ns, 150.9262 us/op
WorkloadResult   7: 4096 op, 618258500.00 ns, 150.9420 us/op
WorkloadResult   8: 4096 op, 614758100.00 ns, 150.0874 us/op
WorkloadResult   9: 4096 op, 614811000.00 ns, 150.1003 us/op
WorkloadResult  10: 4096 op, 615869300.00 ns, 150.3587 us/op
WorkloadResult  11: 4096 op, 614883500.00 ns, 150.1180 us/op
WorkloadResult  12: 4096 op, 613741100.00 ns, 149.8391 us/op
WorkloadResult  13: 4096 op, 614872100.00 ns, 150.1153 us/op
WorkloadResult  14: 4096 op, 608854700.00 ns, 148.6462 us/op
// GC:  1362 1362 227 2180065776 4096
// Threading:  0 0 4096

// AfterAll
// Benchmark Process 10344 has exited with code 0.

Mean = 149.989 μs, StdErr = 0.166 μs (0.11%), N = 14, StdDev = 0.622 μs
Min = 148.646 μs, Q1 = 149.767 μs, Median = 150.108 μs, Q3 = 150.255 μs, Max = 150.942 μs
IQR = 0.487 μs, LowerFence = 149.036 μs, UpperFence = 150.986 μs
ConfidenceInterval = [149.287 μs; 150.690 μs] (CI 99.9%), Margin = 0.701 μs (0.47% of Mean)
Skewness = -0.43, Kurtosis = 2.62, MValue = 2

// ** Remained 2 (25.0%) benchmark(s) to run. Estimated finish 2026-09-15 18:40 (0h 0m from now) **
Setup power plan (GUID: 8c5e7fda-e8bf-4a96-9a85-a6e23a8c635c FriendlyName: High performance)
// **************************
// Benchmark: StringBenchmark.StringConcatenation: DefaultJob [Iterations=100000]
// *** Execute ***
// Launch: 1 / 1
// Execute: dotnet Benchmarks-DefaultJob-1.dll --anonymousPipes 1124 1588 --benchmarkName "StringBenchmark.StringConcatenation(Iterations: 100000)" --job Default --benchmarkId 6 in C:\Users\monas\source\repos\MO7AMEDNAS3ER786-Assignment-4\Benchmarks\bin\Release\net10.0\Benchmarks-DefaultJob-1\bin\Release\net10.0
// BeforeAnythingElse

// Benchmark Process Environment Information:
// BenchmarkDotNet v0.15.8
// Runtime=.NET 10.0.8 (10.0.8, 10.0.826.23019), X64 RyuJIT x86-64-v3
// GC=Non-concurrent Workstation
// HardwareIntrinsics=AVX2+BMI1+BMI2+F16C+FMA+LZCNT+MOVBE,AVX,SSE3+SSSE3+SSE4.1+SSE4.2+POPCNT,X86Base+SSE+SSE2,AES+PCLMUL,AvxVnni,SERIALIZE VectorSize=256
// Job: DefaultJob

OverheadJitting  1: 1 op, 216500.00 ns, 216.5000 us/op
WorkloadJitting  1: 1 op, 23178264800.00 ns, 23.1783 s/op

WorkloadWarmup   1: 1 op, 23458748500.00 ns, 23.4587 s/op
Successfully reverted power plan (GUID: 381b4222-f694-41f0-9685-ff5bb260df2e FriendlyName: Balanced)
